###############################################################################
#
# IAR ELF Linker V8.40.2.214/W32 for ARM                  27/May/2021  21:47:27
# Copyright 2007-2019 IAR Systems AB.
#
#    Output file  =
#        D:\Cpecialno dlyf
#        IAR\Kursach_Gotov\RtosWrapper\Debug\Exe\iarproject.out
#    Map file     =
#        D:\Cpecialno dlyf
#        IAR\Kursach_Gotov\RtosWrapper\Debug\List\iarproject.map
#    Command line =
#        -f C:\Users\kadyr\AppData\Local\Temp\EWB17A.tmp ("D:\Cpecialno dlyf
#        IAR\Kursach_Gotov\RtosWrapper\Debug\Obj\ButtonTask.o" "D:\Cpecialno
#        dlyf IAR\Kursach_Gotov\RtosWrapper\Debug\Obj\croutine.o" "D:\Cpecialno
#        dlyf IAR\Kursach_Gotov\RtosWrapper\Debug\Obj\event_groups.o"
#        "D:\Cpecialno dlyf
#        IAR\Kursach_Gotov\RtosWrapper\Debug\Obj\irqcontroller.o" "D:\Cpecialno
#        dlyf IAR\Kursach_Gotov\RtosWrapper\Debug\Obj\Led1Task.o" "D:\Cpecialno
#        dlyf IAR\Kursach_Gotov\RtosWrapper\Debug\Obj\Led2Task.o" "D:\Cpecialno
#        dlyf IAR\Kursach_Gotov\RtosWrapper\Debug\Obj\Led3Task.o" "D:\Cpecialno
#        dlyf IAR\Kursach_Gotov\RtosWrapper\Debug\Obj\LEDTask.o" "D:\Cpecialno
#        dlyf IAR\Kursach_Gotov\RtosWrapper\Debug\Obj\list.o" "D:\Cpecialno
#        dlyf IAR\Kursach_Gotov\RtosWrapper\Debug\Obj\main.o" "D:\Cpecialno
#        dlyf IAR\Kursach_Gotov\RtosWrapper\Debug\Obj\port.o" "D:\Cpecialno
#        dlyf IAR\Kursach_Gotov\RtosWrapper\Debug\Obj\portasm.o" "D:\Cpecialno
#        dlyf IAR\Kursach_Gotov\RtosWrapper\Debug\Obj\queue.o" "D:\Cpecialno
#        dlyf IAR\Kursach_Gotov\RtosWrapper\Debug\Obj\startupF411RE.o"
#        "D:\Cpecialno dlyf IAR\Kursach_Gotov\RtosWrapper\Debug\Obj\tasks.o"
#        "D:\Cpecialno dlyf IAR\Kursach_Gotov\RtosWrapper\Debug\Obj\timers.o"
#        --no_out_extension -o "D:\Cpecialno dlyf
#        IAR\Kursach_Gotov\RtosWrapper\Debug\Exe\iarproject.out" --map
#        "D:\Cpecialno dlyf
#        IAR\Kursach_Gotov\RtosWrapper\Debug\List\iarproject.map" --log
#        libraries,initialization,modules,redirects,sections,veneers,unused_fragments,call_graph
#        --log_file "D:\Cpecialno dlyf
#        IAR\Kursach_Gotov\RtosWrapper\Debug\List\iarproject.log" --config
#        "D:\Cpecialno dlyf
#        IAR\Kursach\RTOS-main\RTOS-main\RtosWrapper\stm32f411xE.icf"
#        --semihosting --entry __iar_program_start --vfe --text_out locale)
#
###############################################################################

*******************************************************************************
*** RUNTIME MODEL ATTRIBUTES
***

CppFlavor                     = *
__CPP_Exceptions              = Disabled
__CPP_Language                = C++14
__Heap_Handler                = Basic
__SystemLibrary               = DLib
__dlib_dynamic_initialization = normal
__dlib_version                = 6


*******************************************************************************
*** HEAP SELECTION
***

The basic heap was selected because no calls to memory allocation
functions were found in the application outside of system library
functions, and there are calls to deallocation functions in the
application.


*******************************************************************************
*** PLACEMENT SUMMARY
***

"A0":  place at address 0x800'0000 { ro section .intvec };
"P1":  place in [from 0x800'0000 to 0x807'ffff] { ro };
define block CSTACK with size = 8K, alignment = 8 { };
define block HEAP with size = 4K, alignment = 8 { };
"P2":  place in [from 0x2000'0000 to 0x2001'ffff] {
          rw, block CSTACK, block HEAP };
initialize by copy { rw };

  Section                Kind         Address    Size  Object
  -------                ----         -------    ----  ------
"A0":                                           0x198
  .intvec                const     0x800'0000   0x198  startupF411RE.o [1]
                                 - 0x800'0198   0x198

"P1":                                          0x3108
  .text                  ro code   0x800'0198   0x96c  tasks.o [1]
  .text                  ro code   0x800'0b04    0x9a  list.o [1]
  .text                  ro code   0x800'0b9e    0x3a  zero_init3.o [5]
  .text                  ro code   0x800'0bd8   0x188  port.o [1]
  .text                  ro code   0x800'0d60   0x414  timers.o [1]
  CODE                   ro code   0x800'1174    0xa8  portasm.o [1]
  .text                  ro code   0x800'121c   0x688  queue.o [1]
  .text                  ro code   0x800'18a4    0xa6  ABImemcpy.o [5]
  .text                  ro code   0x800'194a    0x2e  copy_init3.o [5]
  .text                  ro code   0x800'1978   0x274  I64DivMod.o [5]
  .text                  ro code   0x800'1bec     0x2  I64DivZer.o [5]
  .text                  ro code   0x800'1bee    0x1a  main.o [1]
  .text                  ro code   0x800'1c08   0x210  event_groups.o [1]
  .text                  ro code   0x800'1e18   0x208  main.o [1]
  .text                  ro code   0x800'2020     0xa  startupF411RE.o [1]
  .text                  ro code   0x800'202a     0xc  main.o [1]
  .text                  ro code   0x800'2036    0x1a  main.o [1]
  .text                  ro code   0x800'2050    0x18  main.o [1]
  .text                  ro code   0x800'2068    0x18  main.o [1]
  .text                  ro code   0x800'2080    0x18  main.o [1]
  .text                  ro code   0x800'2098    0x18  main.o [1]
  .text                  ro code   0x800'20b0    0x2c  main.o [1]
  .text                  ro code   0x800'20dc     0xa  cxxabi.o [3]
  .text                  ro code   0x800'20e6    0x1a  main.o [1]
  .text                  ro code   0x800'2100    0x74  main.o [1]
  .text                  ro code   0x800'2174    0x38  main.o [1]
  .text                  ro code   0x800'21ac    0x18  main.o [1]
  .text                  ro code   0x800'21c4    0x50  ButtonTask.o [1]
  .text                  ro code   0x800'2214    0x10  main.o [1]
  .text                  ro code   0x800'2224    0x18  main.o [1]
  .text                  ro code   0x800'223c    0x10  main.o [1]
  .text                  ro code   0x800'224c    0x18  main.o [1]
  .text                  ro code   0x800'2264    0x10  main.o [1]
  .text                  ro code   0x800'2274    0x10  main.o [1]
  .text                  ro code   0x800'2284    0x10  main.o [1]
  .text                  ro code   0x800'2294    0x14  main.o [1]
  .text                  ro code   0x800'22a8    0x14  main.o [1]
  .text                  ro code   0x800'22bc    0x14  main.o [1]
  .text                  ro code   0x800'22d0    0x14  main.o [1]
  .text                  ro code   0x800'22e4    0x14  main.o [1]
  .text                  ro code   0x800'22f8    0x10  main.o [1]
  .text                  ro code   0x800'2308    0x10  main.o [1]
  .text                  ro code   0x800'2318    0x10  main.o [1]
  .text                  ro code   0x800'2328    0x14  main.o [1]
  .text                  ro code   0x800'233c    0x14  main.o [1]
  .text                  ro code   0x800'2350    0x14  main.o [1]
  .text                  ro code   0x800'2364    0x14  main.o [1]
  .text                  ro code   0x800'2378    0x10  main.o [1]
  .text                  ro code   0x800'2388    0x10  main.o [1]
  .text                  ro code   0x800'2398    0x14  main.o [1]
  .text                  ro code   0x800'23ac    0x14  main.o [1]
  .text                  ro code   0x800'23c0    0x10  main.o [1]
  .text                  ro code   0x800'23d0    0x10  main.o [1]
  .text                  ro code   0x800'23e0    0x10  main.o [1]
  .text                  ro code   0x800'23f0    0x10  main.o [1]
  .text                  ro code   0x800'2400    0x10  main.o [1]
  .text                  ro code   0x800'2410     0xc  main.o [1]
  .text                  ro code   0x800'241c    0x10  main.o [1]
  .text                  ro code   0x800'242c    0x10  main.o [1]
  .text                  ro code   0x800'243c     0xc  main.o [1]
  .text                  ro code   0x800'2448    0x14  main.o [1]
  .text                  ro code   0x800'245c     0xc  main.o [1]
  .text                  ro code   0x800'2468     0xe  main.o [1]
  .text                  ro code   0x800'2476    0x1a  main.o [1]
  .text                  ro code   0x800'2490    0x10  main.o [1]
  .text                  ro code   0x800'24a0    0x10  main.o [1]
  .text                  ro code   0x800'24b0    0x10  main.o [1]
  .text                  ro code   0x800'24c0     0xc  main.o [1]
  .text                  ro code   0x800'24cc     0xe  main.o [1]
  .text                  ro code   0x800'24da     0xa  xsprout.o [2]
  .text                  ro code   0x800'24e4    0x14  main.o [1]
  .text                  ro code   0x800'24f8    0x14  main.o [1]
  .text                  ro code   0x800'250c    0x10  main.o [1]
  .text                  ro code   0x800'251c    0x10  main.o [1]
  .text                  ro code   0x800'252c    0x14  main.o [1]
  .text                  ro code   0x800'2540    0x24  main.o [1]
  .text                  ro code   0x800'2564    0x24  main.o [1]
  .text                  ro code   0x800'2588    0x24  main.o [1]
  .text                  ro code   0x800'25ac    0x24  main.o [1]
  .text                  ro code   0x800'25d0     0x8  main.o [1]
  .text                  ro code   0x800'25d8     0xc  main.o [1]
  .text                  ro code   0x800'25e4    0x20  main.o [1]
  .text                  ro code   0x800'2604     0x4  main.o [1]
  .text                  ro code   0x800'2608     0xc  main.o [1]
  .text                  ro code   0x800'2614    0xa0  cppinit.o [2]
  .text                  ro code   0x800'26b4     0xc  main.o [1]
  .text                  ro code   0x800'26c0     0x6  main.o [1]
  .text                  ro code   0x800'26c6    0x14  main.o [1]
  .text                  ro code   0x800'26da     0x6  main.o [1]
  .text                  ro code   0x800'26e0     0xc  ButtonTask.o [1]
  .text                  ro code   0x800'26ec     0xe  ButtonTask.o [1]
  .text                  ro code   0x800'26fa    0x1a  main.o [1]
  .text                  ro code   0x800'2714     0x2  main.o [1]
  .rodata                const     0x800'2716     0x1  unwind_debug.o [6]
  .text                  ro code   0x800'2718    0x38  main.o [1]
  .text                  ro code   0x800'2750    0x38  main.o [1]
  .text                  ro code   0x800'2788    0x38  main.o [1]
  .text                  ro code   0x800'27c0    0x38  main.o [1]
  .text                  ro code   0x800'27f8     0x8  main.o [1]
  .text                  ro code   0x800'2800     0xa  main.o [1]
  .text                  ro code   0x800'280a     0x6  main.o [1]
  .text                  ro code   0x800'2810     0x6  main.o [1]
  .text                  ro code   0x800'2816     0xe  main.o [1]
  .text                  ro code   0x800'2824     0xe  ButtonTask.o [1]
  .text                  ro code   0x800'2834    0x3c  ButtonTask.o [1]
  .text                  ro code   0x800'2870     0xc  main.o [1]
  .text                  ro code   0x800'287c     0xc  main.o [1]
  .text                  ro code   0x800'2888     0xa  main.o [1]
  .text                  ro code   0x800'2892   0x134  xprintftiny.o [2]
  .text                  ro code   0x800'29c8    0x36  strlen.o [5]
  .text                  ro code   0x800'2a00    0x88  main.o [1]
  .text                  ro code   0x800'2a88     0x6  main.o [1]
  .text                  ro code   0x800'2a90    0x68  main.o [1]
  .text                  ro code   0x800'2af8    0x14  main.o [1]
  .text                  ro code   0x800'2b0c     0xe  main.o [1]
  .text                  ro code   0x800'2b1c    0x10  main.o [1]
  .text                  ro code   0x800'2b2c    0x10  main.o [1]
  .text                  ro code   0x800'2b3c    0x58  main.o [1]
  .text                  ro code   0x800'2b94    0x10  main.o [1]
  .text                  ro code   0x800'2ba4    0x10  main.o [1]
  .text                  ro code   0x800'2bb4    0x10  main.o [1]
  .text                  ro code   0x800'2bc4    0x10  main.o [1]
  .text                  ro code   0x800'2bd4     0xc  main.o [1]
  .text                  ro code   0x800'2be0     0xe  main.o [1]
  .text                  ro code   0x800'2bf0    0x68  main.o [1]
  .text                  ro code   0x800'2c58    0x24  ABIassert.o [6]
  .text                  ro code   0x800'2c7c     0x2  main.o [1]
  .text                  ro code   0x800'2c7e     0x4  main.o [1]
  .text                  ro code   0x800'2c82     0xe  main.o [1]
  .text                  ro code   0x800'2c90     0x8  main.o [1]
  .text                  ro code   0x800'2c98     0x8  main.o [1]
  .text                  ro code   0x800'2ca0     0x6  abort.o [2]
  .text                  ro code   0x800'2ca8     0xc  main.o [1]
  .text                  ro code   0x800'2cb4    0x10  main.o [1]
  .text                  ro code   0x800'2cc4    0x14  exit.o [6]
  .text                  ro code   0x800'2cd8    0x68  main.o [1]
  .text                  ro code   0x800'2d40    0x16  main.o [1]
  .text                  ro code   0x800'2d56     0x6  main.o [1]
  .text                  ro code   0x800'2d5c     0xe  main.o [1]
  .text                  ro code   0x800'2d6a    0x2a  main.o [1]
  .rodata                const     0x800'2d94    0x5c  main.o [1]
  .text                  ro code   0x800'2df0    0x4c  irqcontroller.o [1]
  .text                  ro code   0x800'2e3c    0x20  irqcontroller.o [1]
  .text                  ro code   0x800'2e5c    0x10  irqcontroller.o [1]
  .text                  ro code   0x800'2e6c    0x10  irqcontroller.o [1]
  .text                  ro code   0x800'2e7c    0x2e  irqcontroller.o [1]
  .text                  ro code   0x800'2eaa     0x8  irqcontroller.o [1]
  .text                  ro code   0x800'2eb2     0x8  irqcontroller.o [1]
  .text                  ro code   0x800'2ebc    0x10  irqcontroller.o [1]
  .text                  ro code   0x800'2ecc    0x10  irqcontroller.o [1]
  .text                  ro code   0x800'2edc    0x4c  main.o [1]
  .text                  ro code   0x800'2f28     0x6  main.o [1]
  .text                  ro code   0x800'2f30    0x40  sprintf.o [2]
  .text                  ro code   0x800'2f70    0x32  startupF411RE.o [1]
  .text                  ro code   0x800'2fa4    0x22  fpinit_M.o [4]
  .text                  ro code   0x800'2fc8    0x1e  cmain.o [5]
  .text                  ro code   0x800'2fe8    0x28  data_init.o [5]
  .text                  ro code   0x800'3010     0x4  exit.o [2]
  .text                  ro code   0x800'3014     0xe  cexit.o [5]
  .rodata                const     0x800'3024    0x24  main.o [1]
  .iar.init_table        const     0x800'3048    0x28  - Linker created -
  .text                  ro code   0x800'3070    0x20  cmain_call_ctors.o [5]
  .text                  ro code   0x800'3090    0x16  main.o [1]
  .text                  ro code   0x800'30a8     0xc  main.o [1]
  .rodata                const     0x800'30b4    0x14  main.o [1]
  .rodata                const     0x800'30c8    0x14  main.o [1]
  .rodata                const     0x800'30dc    0x14  main.o [1]
  .text                  ro code   0x800'30f0    0x14  main.o [1]
  .text                  ro code   0x800'3104     0x8  main.o [1]
  Initializer bytes      const     0x800'310c    0x14  <for P2-1>
  .rodata                const     0x800'3120    0x10  main.o [1]
  .text                  ro code   0x800'3130     0xe  main.o [1]
  .text                  ro code   0x800'3140     0xc  main.o [1]
  .text                  ro code   0x800'314c     0xe  main.o [1]
  .text                  ro code   0x800'315c     0xc  main.o [1]
  .text                  ro code   0x800'3168     0xe  main.o [1]
  .text                  ro code   0x800'3176     0xe  main.o [1]
  .text                  ro code   0x800'3184     0xc  main.o [1]
  .rodata                const     0x800'3190     0xc  ButtonTask.o [1]
  .rodata                const     0x800'319c     0xc  main.o [1]
  .rodata                const     0x800'31a8     0xc  main.o [1]
  .rodata                const     0x800'31b4     0xc  main.o [1]
  .rodata                const     0x800'31c0     0xc  main.o [1]
  .rodata                const     0x800'31cc     0xc  main.o [1]
  .rodata                const     0x800'31d8     0xc  main.o [1]
  .rodata                const     0x800'31e4     0xc  main.o [1]
  .rodata                const     0x800'31f0     0xc  main.o [1]
  .rodata                const     0x800'31fc     0xc  main.o [1]
  .rodata                const     0x800'3208     0xc  main.o [1]
  .rodata                const     0x800'3214     0xc  main.o [1]
  .text                  ro code   0x800'3220     0xc  main.o [1]
  .text                  ro code   0x800'322c     0xc  main.o [1]
  SHT$$PREINIT_ARRAY               0x800'3238     0x0  <Block>
  SHT$$INIT_ARRAY                  0x800'3238     0xc  <Block>
    .init_array          const     0x800'3238     0x4  irqcontroller.o [1]
    .init_array          const     0x800'323c     0x4  main.o [1]
    .init_array          const     0x800'3240     0x4  startupF411RE.o [1]
  __iar_tls$$INIT_ARRAY            0x800'3244     0x0  <Block>
  .rodata                const     0x800'3244     0x4  port.o [1]
  .rodata                const     0x800'3248     0x8  ButtonTask.o [1]
  .rodata                const     0x800'3250     0x8  main.o [1]
  .rodata                const     0x800'3258     0x8  main.o [1]
  .rodata                const     0x800'3260     0x8  main.o [1]
  .rodata                const     0x800'3268     0x8  tasks.o [1]
  .rodata                const     0x800'3270     0x8  timers.o [1]
  .rodata                const     0x800'3278     0x8  timers.o [1]
  .text                  ro code   0x800'3280     0x8  startupF411RE.o [1]
  .text                  ro code   0x800'3288     0x8  startupF411RE.o [1]
  .text                  ro code   0x800'3290     0x8  startupF411RE.o [1]
  .text                  ro code   0x800'3298     0x8  startupF411RE.o [1]
  .text                  ro code   0x800'32a0     0x0  cstart_call_dtors.o [5]
  .rodata                const     0x800'32a0     0x0  zero_init3.o [5]
  .rodata                const     0x800'32a0     0x0  copy_init3.o [5]
                                 - 0x800'32a0  0x3108

"P2", part 1 of 3:                               0x14
  P2-1                            0x2000'0000    0x14  <Init block>
    .data                inited   0x2000'0000     0x4  main.o [1]
    .data                inited   0x2000'0004     0x4  main.o [1]
    .data                inited   0x2000'0008     0x4  main.o [1]
    .data                inited   0x2000'000c     0x4  main.o [1]
    .data                inited   0x2000'0010     0x4  port.o [1]
                                - 0x2000'0014    0x14

"P2", part 2 of 3:                             0x2c1c
  .bss                   zero     0x2000'0014   0x870  main.o [1]
  .bss                   zero     0x2000'0884   0x868  main.o [1]
  .bss                   zero     0x2000'10ec   0x868  main.o [1]
  .bss                   zero     0x2000'1954   0x864  main.o [1]
  .bss                   zero     0x2000'21b8   0x400  tasks.o [1]
  .bss                   zero     0x2000'25b8   0x200  tasks.o [1]
  .bss                   zero     0x2000'27b8   0x108  main.o [1]
  .bss                   zero     0x2000'28c0    0xa0  timers.o [1]
  .bss                   zero     0x2000'2960    0x64  tasks.o [1]
  .bss                   zero     0x2000'29c4    0x50  tasks.o [1]
  .bss                   zero     0x2000'2a14    0x50  tasks.o [1]
  .bss                   zero     0x2000'2a64    0x48  timers.o [1]
  .bss                   zero     0x2000'2aac    0x40  queue.o [1]
  .bss                   zero     0x2000'2aec    0x24  main.o [1]
  .bss                   zero     0x2000'2b10    0x14  tasks.o [1]
  .bss                   zero     0x2000'2b24    0x14  tasks.o [1]
  .bss                   zero     0x2000'2b38    0x14  tasks.o [1]
  .bss                   zero     0x2000'2b4c    0x14  tasks.o [1]
  .bss                   zero     0x2000'2b60    0x14  timers.o [1]
  .bss                   zero     0x2000'2b74    0x14  timers.o [1]
  .bss                   zero     0x2000'2b88    0x10  main.o [1]
  .bss                   zero     0x2000'2b98    0x10  main.o [1]
  .bss                   zero     0x2000'2ba8    0x10  main.o [1]
  .bss                   zero     0x2000'2bb8    0x10  main.o [1]
  .bss                   zero     0x2000'2bc8     0xc  startupF411RE.o [1]
  .bss                   zero     0x2000'2bd4     0x4  port.o [1]
  .bss                   zero     0x2000'2bd8     0x4  tasks.o [1]
  .bss                   zero     0x2000'2bdc     0x4  tasks.o [1]
  .bss                   zero     0x2000'2be0     0x4  tasks.o [1]
  .bss                   zero     0x2000'2be4     0x4  tasks.o [1]
  .bss                   zero     0x2000'2be8     0x4  tasks.o [1]
  .bss                   zero     0x2000'2bec     0x4  tasks.o [1]
  .bss                   zero     0x2000'2bf0     0x4  tasks.o [1]
  .bss                   zero     0x2000'2bf4     0x4  tasks.o [1]
  .bss                   zero     0x2000'2bf8     0x4  tasks.o [1]
  .bss                   zero     0x2000'2bfc     0x4  tasks.o [1]
  .bss                   zero     0x2000'2c00     0x4  tasks.o [1]
  .bss                   zero     0x2000'2c04     0x4  tasks.o [1]
  .bss                   zero     0x2000'2c08     0x4  tasks.o [1]
  .bss                   zero     0x2000'2c0c     0x4  tasks.o [1]
  .bss                   zero     0x2000'2c10     0x4  timers.o [1]
  .bss                   zero     0x2000'2c14     0x4  timers.o [1]
  .bss                   zero     0x2000'2c18     0x4  timers.o [1]
  .bss                   zero     0x2000'2c1c     0x4  timers.o [1]
  .bss                   zero     0x2000'2c20     0x4  timers.o [1]
  .bss                   zero     0x2000'2c24     0x4  cppinit.o [2]
  .bss                   zero     0x2000'2c28     0x4  cppinit.o [2]
  .bss                   zero     0x2000'2c2c     0x1  main.o [1]
  .bss                   zero     0x2000'2c2d     0x1  port.o [1]
  .bss                   zero     0x2000'2c2e     0x1  startupF411RE.o [1]
                                - 0x2000'2c2f  0x2c1b

"P2", part 3 of 3:                             0x2190
  .iar.dynexit                    0x2000'2c30   0x18c  <Block>
    .iar.dynexit         uninit   0x2000'2c30     0xc  cppinit.o [2]
    .iar.dynexit         uninit   0x2000'2c3c   0x180  <Block tail>
  CSTACK                          0x2000'2dc0  0x2000  <Block>
    CSTACK               uninit   0x2000'2dc0  0x2000  <Block tail>
                                - 0x2000'4dc0  0x2190

Unused ranges:

         From           To      Size
         ----           --      ----
   0x800'32a0   0x807'ffff  0x7'cd60
  0x2000'4dc0  0x2001'ffff  0x1'b240


*******************************************************************************
*** INIT TABLE
***

          Address      Size
          -------      ----
Zero (__iar_zero_init3)
    1 destination range, total size 0x2c1b:
          0x2000'0014  0x2c1b

Copy (__iar_copy_init3)
    1 source range, total size 0x14:
           0x800'310c    0x14
    1 destination range, total size 0x14:
          0x2000'0000    0x14

Extra (__iar_cstart_call_ctors)



*******************************************************************************
*** MODULE SUMMARY
***

    Module               ro code  ro data  rw data
    ------               -------  -------  -------
command line/config:
    ----------------------------------------------
    Total:

D:\Cpecialno dlyf IAR\Kursach_Gotov\RtosWrapper\Debug\Obj: [1]
    ButtonTask.o             180       20
    event_groups.o           528
    irqcontroller.o          234        4
    list.o                   154
    main.o                 3'440      380    8'993
    port.o                   392        8        9
    portasm.o                168
    queue.o                1'672                64
    startupF411RE.o           92      412       13
    tasks.o                2'412        8    1'932
    timers.o               1'044       16      292
    ----------------------------------------------
    Total:                10'316      848   11'303

dl7M_tln.a: [2]
    abort.o                    6
    cppinit.o                160                20
    exit.o                     4
    sprintf.o                 64
    xprintftiny.o            308
    xsprout.o                 10
    ----------------------------------------------
    Total:                   552                20

dlpp7M_tl_nc.a: [3]
    cxxabi.o                  10
    ----------------------------------------------
    Total:                    10

m7M_tls.a: [4]
    fpinit_M.o                34
    ----------------------------------------------
    Total:                    34

rt7M_tl.a: [5]
    ABImemcpy.o              166
    I64DivMod.o              628
    I64DivZer.o                2
    cexit.o                   14
    cmain.o                   30
    cmain_call_ctors.o        32
    copy_init3.o              46
    cstart_call_dtors.o
    data_init.o               40
    strlen.o                  54
    zero_init3.o              58
    ----------------------------------------------
    Total:                 1'070

shb_l.a: [6]
    ABIassert.o               36
    exit.o                    20
    unwind_debug.o                      1
    ----------------------------------------------
    Total:                    56        1

    Gaps                      31        2
    Linker created                     40    8'576
--------------------------------------------------
    Grand Total:          12'069      891   19'899


*******************************************************************************
*** ENTRY LIST
***

Entry                       Address   Size  Type      Object
-----                       -------   ----  ----      ------
.iar.dynexit$$Base      0x2000'2c30          --   Gb  - Linker created -
.iar.dynexit$$Limit     0x2000'2dbc          --   Gb  - Linker created -
.iar.init_table$$Base    0x800'3048          --   Gb  - Linker created -
.iar.init_table$$Limit   0x800'3070          --   Gb  - Linker created -
?main                    0x800'2fc9         Code  Gb  cmain.o [5]
Blue::Blue(IPin &, IPin &)
                         0x800'2099   0x18  Code  Gb  main.o [1]
Blue::SwitchOn() const   0x800'2477   0x1a  Code  Gb  main.o [1]
BlueToothTask<counttask>::BlueToothTask()
                         0x800'21ad   0x18  Code  Gb  main.o [1]
BlueToothTask<counttask>::Execute()
                         0x800'2edd   0x4c  Code  Gb  main.o [1]
BlueToothTask<counttask>::Execute()::string
                         0x800'3024   0x24  Data  Gb  main.o [1]
Button<GPIOC, (int)13>::IsPressed()
                         0x800'3091   0x16  Code  Gb  main.o [1]
ButtonTask::ButtonTask(IButton &, OsWrapper::Event &)
                         0x800'21c5   0x1e  Code  Gb  ButtonTask.o [1]
ButtonTask::Execute()    0x800'21e3   0x2a  Code  Gb  ButtonTask.o [1]
CSTACK$$Base            0x2000'2dc0          --   Gb  - Linker created -
CSTACK$$Limit           0x2000'4dc0          --   Gb  - Linker created -
Clear::Clear(IPin &, IPin &)
                         0x800'2081   0x18  Code  Gb  main.o [1]
Clear::SwitchOn() const
                         0x800'20e7   0x1a  Code  Gb  main.o [1]
CountTask::CountTask(FrequenceMeasure &, OsWrapper::Event &)
                         0x800'2175   0x38  Code  Gb  main.o [1]
CountTask::Execute()     0x800'2cd9   0x68  Code  Gb  main.o [1]
CountTask::GetCount()    0x800'2f29    0x6  Code  Gb  main.o [1]
DtorRecArray            0x2000'2c30    0xc  Data  Lc  cppinit.o [2]
DummyModule::handler()   0x800'2f91    0x2  Code  Gb  startupF411RE.o [1]
FrequenceMeasure::Execute()
                         0x800'2a91   0x68  Code  Gb  main.o [1]
FrequenceMeasure::FrequenceMeasure(IColorChannel *, IColorChannel *, IColorChannel *, IColorChannel *)
                         0x800'2101   0x74  Code  Gb  main.o [1]
FrequenceMeasure::GetChannels()
                         0x800'2d5d    0xe  Code  Gb  main.o [1]
Green::Green(IPin &, IPin &)
                         0x800'2069   0x18  Code  Gb  main.o [1]
Green::SwitchOn() const
                         0x800'2037   0x1a  Code  Gb  main.o [1]
IColorChannel::GetFrequence()
                         0x800'2a89    0x6  Code  Gb  main.o [1]
IColorChannel::IColorChannel(IPin &, IPin &)
                         0x800'2801    0xa  Code  Gb  main.o [1]
IColorChannel::IColorChannel(IPin &, IPin &) [subobject]
                         0x800'25d9    0xc  Code  Gb  main.o [1]
IColorChannel::OnInterrupt(float)
                         0x800'2be1    0xe  Code  Gb  main.o [1]
Initialization guard variable for timer2
                        0x2000'2c2e    0x1  Data  Gb  startupF411RE.o [1]
Initialization guard variable for usartDriver
                        0x2000'2c2c    0x1  Data  Gb  main.o [1]
IrqController::HandleIrqExtiLine15_10()
                         0x800'2e19    0x2  Code  Gb  irqcontroller.o [1]
IrqController::HandleIrqTim2()
                         0x800'2e23    0xa  Code  Gb  irqcontroller.o [1]
IrqController::HandleIrqUsart2()
                         0x800'2e1b    0x8  Code  Gb  irqcontroller.o [1]
OsWrapper::Event::Event(std::chrono::duration<long long, std::ratio<(long long)1, (long long)1000>>, unsigned int)
                         0x800'20b1   0x2c  Code  Gb  main.o [1]
OsWrapper::Event::Signal()
                         0x800'26ed    0xe  Code  Gb  ButtonTask.o [1]
OsWrapper::Event::Wait(OsWrapper::EventMode, unsigned int) const
                         0x800'2d41   0x16  Code  Gb  main.o [1]
OsWrapper::Event::~Event()
                         0x800'3177    0xe  Code  Gb  main.o [1]
OsWrapper::IThread::IThread()
                         0x800'2889    0xa  Code  Gb  main.o [1]
OsWrapper::IThread::IThread() [subobject]
                         0x800'287d    0xc  Code  Gb  main.o [1]
OsWrapper::IThread::Run()
                         0x800'30f1   0x14  Code  Gb  main.o [1]
OsWrapper::IThread::Sleep(std::chrono::duration<long long, std::ratio<(long long)1, (long long)1000>>)
                         0x800'26fb   0x1a  Code  Gb  main.o [1]
OsWrapper::Rtos::HandleSvcInterrupt()
                         0x800'3291    0x8  Code  Gb  startupF411RE.o [1]
OsWrapper::Rtos::HandleSysTickInterrupt()
                         0x800'3299    0x8  Code  Gb  startupF411RE.o [1]
OsWrapper::Rtos::Run(void *)
                         0x800'3221    0xc  Code  Gb  main.o [1]
OsWrapper::Rtos::Start()
                         0x800'25d1    0x8  Code  Gb  main.o [1]
OsWrapper::RtosWrapper::wCreateEvent(xSTATIC_EVENT_GROUP &)
                         0x800'2609    0xc  Code  Gb  main.o [1]
OsWrapper::RtosWrapper::wDeleteEvent(void *&)
                         0x800'3185    0xc  Code  Gb  main.o [1]
OsWrapper::RtosWrapper::wGetTicks()
                         0x800'3105    0x8  Code  Gb  main.o [1]
OsWrapper::RtosWrapper::wHandleSvcInterrupt()
                         0x800'3281    0x8  Code  Gb  startupF411RE.o [1]
OsWrapper::RtosWrapper::wHandleSysTickInterrupt()
                         0x800'3289    0x8  Code  Gb  startupF411RE.o [1]
OsWrapper::RtosWrapper::wSignalEvent(void *const &, unsigned int)
                         0x800'2835   0x3c  Code  Gb  ButtonTask.o [1]
OsWrapper::RtosWrapper::wSleep(unsigned int)
                         0x800'2871    0xc  Code  Gb  main.o [1]
OsWrapper::RtosWrapper::wStart()
                         0x800'27f9    0x8  Code  Gb  main.o [1]
OsWrapper::RtosWrapper::wWaitEvent(void *const &, unsigned int, unsigned int, OsWrapper::EventMode)
                         0x800'2d6b   0x2a  Code  Gb  main.o [1]
OsWrapper::Thread<(unsigned int)128>::Thread()
                         0x800'2825    0xe  Code  Gb  ButtonTask.o [1]
OsWrapper::Thread<(unsigned int)128>::Thread() [subobject]
                         0x800'26e1    0xc  Code  Gb  ButtonTask.o [1]
OsWrapper::Thread<(unsigned int)512>::Thread()
                         0x800'2817    0xe  Code  Gb  main.o [1]
OsWrapper::Thread<(unsigned int)512>::Thread() [subobject]
                         0x800'26b5    0xc  Code  Gb  main.o [1]
Pin<GPIOC, (unsigned int)12>::SetHigh()
                         0x800'3131    0xe  Code  Gb  main.o [1]
Pin<GPIOC, (unsigned int)12>::SetLow()
                         0x800'3169    0xe  Code  Gb  main.o [1]
Pin<GPIOD, (unsigned int)2>::SetHigh()
                         0x800'322d    0xc  Code  Gb  main.o [1]
Pin<GPIOD, (unsigned int)2>::SetLow()
                         0x800'314d    0xe  Code  Gb  main.o [1]
PinS2                   0x2000'0004    0x4  Data  Gb  main.o [1]
PinS3                   0x2000'0008    0x4  Data  Gb  main.o [1]
Red::Red(IPin &, IPin &)
                         0x800'2051   0x18  Code  Gb  main.o [1]
Red::SwitchOn() const    0x800'1bef   0x1a  Code  Gb  main.o [1]
RedObjectDetector::FindRedObject(std::array<IColorChannel *, (unsigned int)4>)
                         0x800'2a01   0x88  Code  Gb  main.o [1]
RedObjectDetector::RedObjectDetector()
                         0x800'26db    0x6  Code  Gb  main.o [1]
RedObjectDetector::Reset()
                         0x800'2d57    0x6  Code  Gb  main.o [1]
Region$$Table$$Base      0x800'3048          --   Gb  - Linker created -
Region$$Table$$Limit     0x800'3070          --   Gb  - Linker created -
SHT$$INIT_ARRAY$$Base    0x800'3238          --   Gb  - Linker created -
SHT$$INIT_ARRAY$$Limit   0x800'3244          --   Gb  - Linker created -
SHT$$PREINIT_ARRAY$$Base
                         0x800'3238          --   Gb  - Linker created -
SHT$$PREINIT_ARRAY$$Limit
                         0x800'3238          --   Gb  - Linker created -
SystemCoreClock         0x2000'0000    0x4  Data  Gb  main.o [1]
Timer2::HandleInterrupt()
                         0x800'2b3d   0x58  Code  Gb  main.o [1]
Timer2::SetCurrentChannel(IColorChannel *)
                         0x800'26c7   0x14  Code  Gb  main.o [1]
Timer2::Start()          0x800'2af9   0x14  Code  Gb  main.o [1]
Timer2::Stop()           0x800'2b0d    0xe  Code  Gb  main.o [1]
Timer2::Timer2()         0x800'2021    0xa  Code  Gb  startupF411RE.o [1]
USARTDriver<Usart2>::OnNextByteTransmit()
                         0x800'2e7d   0x2e  Code  Gb  irqcontroller.o [1]
USARTDriver<Usart2>::SendMessage(char const *, unsigned int)
                         0x800'2bf1   0x68  Code  Gb  main.o [1]
USARTDriver<Usart2>::SendMessage(char const *, unsigned int)::string
                         0x800'31fc    0xc  Data  Gb  main.o [1]
USARTDriver<Usart2>::SendMessage(char const *, unsigned int)::string (instance 2)
                         0x800'2d94   0x5c  Data  Gb  main.o [1]
USARTDriver<Usart2>::USARTDriver()
                         0x800'202b    0xc  Code  Gb  main.o [1]
Usart<USART2, usartDriver>::InterruptDisable()
                         0x800'2eb3    0x8  Code  Gb  irqcontroller.o [1]
Usart<USART2, usartDriver>::InterruptEnable()
                         0x800'2c99    0x8  Code  Gb  main.o [1]
Usart<USART2, usartDriver>::InterruptHandler()
                         0x800'2e3d   0x20  Code  Gb  irqcontroller.o [1]
Usart<USART2, usartDriver>::TransmitDisable()
                         0x800'2eab    0x8  Code  Gb  irqcontroller.o [1]
Usart<USART2, usartDriver>::TransmitEnable()
                         0x800'2c91    0x8  Code  Gb  main.o [1]
Usart<USART2, usartDriver>::WriteByte(unsigned char)
                         0x800'2c83    0xe  Code  Gb  main.o [1]
Virtual function table for Blue
                         0x800'31c0    0xc  Data  Gb  main.o [1]
Virtual function table for BlueToothTask<counttask>
                         0x800'31e4    0xc  Data  Gb  main.o [1]
Virtual function table for Button<GPIOC, (int)13>
                         0x800'31f0    0xc  Data  Gb  main.o [1]
Virtual function table for ButtonTask
                         0x800'3190    0xc  Data  Gb  ButtonTask.o [1]
Virtual function table for Clear
                         0x800'31b4    0xc  Data  Gb  main.o [1]
Virtual function table for CountTask
                         0x800'31d8    0xc  Data  Gb  main.o [1]
Virtual function table for FrequenceMeasure
                         0x800'31cc    0xc  Data  Gb  main.o [1]
Virtual function table for Green
                         0x800'31a8    0xc  Data  Gb  main.o [1]
Virtual function table for Pin<GPIOC, (unsigned int)12>
                         0x800'30c8   0x14  Data  Gb  main.o [1]
Virtual function table for Pin<GPIOD, (unsigned int)2>
                         0x800'30b4   0x14  Data  Gb  main.o [1]
Virtual function table for Red
                         0x800'319c    0xc  Data  Gb  main.o [1]
_PrintfTiny              0x800'28ab  0x11c  Code  Gb  xprintftiny.o [2]
_SProut                  0x800'24db    0xa  Code  Gb  xsprout.o [2]
__aeabi_assert           0x800'2c59   0x24  Code  Gb  ABIassert.o [6]
__aeabi_atexit           0x800'20dd    0xa  Code  Gb  cxxabi.o [3]
__aeabi_ldiv0            0x800'1bed         Code  Gb  I64DivZer.o [5]
__aeabi_ldivmod          0x800'1979         Code  Gb  I64DivMod.o [5]
__aeabi_memcpy           0x800'18a5         Code  Gb  ABImemcpy.o [5]
__aeabi_memcpy4          0x800'18c5         Code  Gb  ABImemcpy.o [5]
__aeabi_memcpy8          0x800'18c5         Code  Gb  ABImemcpy.o [5]
__aeabi_uldivmod         0x800'19bd         Code  Gb  I64DivMod.o [5]
__call_ctors             0x800'2615   0x18  Code  Gb  cppinit.o [2]
__call_dtors             0x800'2663    0xc  Code  Gb  cppinit.o [2]
__call_dtors0            0x800'266f   0x36  Code  Gb  cppinit.o [2]
__cexit_call_dtors       0x800'3017         Code  Gb  cexit.o [5]
__cmain                  0x800'2fc9         Code  Gb  cmain.o [5]
__cstart_call_dtors      0x800'32a0         Data  Gb  cstart_call_dtors.o [5]
__cxa_atexit             0x800'262d   0x36  Code  Gb  cppinit.o [2]
__dso_handle            0x2000'2c28    0x4  Data  Gb  cppinit.o [2]
__exit                   0x800'2cc5   0x14  Code  Gb  exit.o [6]
__iar_copy_init3         0x800'194b   0x2e  Code  Gb  copy_init3.o [5]
__iar_cstart_call_ctors
                         0x800'3071   0x20  Code  Gb  cmain_call_ctors.o [5]
__iar_data_init3         0x800'2fe9   0x28  Code  Gb  data_init.o [5]
__iar_debug_exceptions   0x800'2716    0x1  Data  Gb  unwind_debug.o [6]
__iar_init_vfp           0x800'2fa5         Code  Gb  fpinit_M.o [4]
__iar_program_start      0x800'2f93   0x10  Code  Gb  startupF411RE.o [1]
__iar_tls$$INIT_ARRAY$$Base
                         0x800'3244          --   Gb  - Linker created -
__iar_tls$$INIT_ARRAY$$Limit
                         0x800'3244          --   Gb  - Linker created -
__iar_zero_init3         0x800'0b9f   0x3a  Code  Gb  zero_init3.o [5]
__low_level_init         0x800'1ec1   0xd0  Code  Gb  main.o [1]
__sti__routine           0x800'2df1   0x28  Code  Lc  irqcontroller.o [1]
__sti__routine           0x800'1e19   0xa8  Code  Lc  main.o [1]
__sti__routine           0x800'2f71   0x16  Code  Lc  startupF411RE.o [1]
__vector_table           0x800'0000  0x198  Data  Gb  startupF411RE.o [1]
_call_main               0x800'2fd5         Code  Gb  cmain.o [5]
_exit                    0x800'3015         Code  Gb  cexit.o [5]
_main                    0x800'2fe3         Code  Gb  cmain.o [5]
abort                    0x800'2ca1    0x6  Code  Gb  abort.o [2]
ble                     0x2000'10ec  0x868  Data  Gb  main.o [1]
blue                    0x2000'2bb8   0x10  Data  Gb  main.o [1]
bool FieldValueBase<RCC_CFGR_SWS_Values<RCC::CFGR, (unsigned int)2, (unsigned int)2, ReadMode, RCC::RCCCFGRBase>, RCC::RCCCFGRBase, (unsigned int)0>::IsSet<ReadMode, void>()
                         0x800'224d   0x18  Code  Gb  main.o [1]
bool FieldValueBase<RCC_CR_HSIRDY_Values<RCC::CR, (unsigned int)1, (unsigned int)1, ReadMode, RCC::RCCCRBase>, RCC::RCCCRBase, (unsigned int)0>::IsSet<ReadMode, void>()
                         0x800'2225   0x18  Code  Gb  main.o [1]
bool FieldValueBase<TIM2_CCER_CC1E_Values<TIM2::CCER, (unsigned int)0, (unsigned int)1, ReadWriteMode, TIM2::TIM2CCERBase>, TIM2::TIM2CCERBase, (unsigned int)1>::IsSet<ReadWriteMode, void>()
                         0x800'2bb5   0x10  Code  Gb  main.o [1]
bool FieldValueBase<TIM2_DIER_CC1IE_Values<TIM2::DIER, (unsigned int)1, (unsigned int)1, ReadWriteMode, TIM2::TIM2DIERBase>, TIM2::TIM2DIERBase, (unsigned int)1>::IsSet<ReadWriteMode, void>()
                         0x800'2bc5   0x10  Code  Gb  main.o [1]
bool FieldValueBase<USART2_CR1_TXEIE_Values<USART2::CR1, (unsigned int)7, (unsigned int)1, ReadWriteMode, USART2::USART2CR1Base>, USART2::USART2CR1Base, (unsigned int)1>::IsSet<ReadWriteMode, void>()
                         0x800'2e6d   0x10  Code  Gb  irqcontroller.o [1]
bool FieldValueBase<USART2_SR_TXE_Values<USART2::SR, (unsigned int)7, (unsigned int)1, ReadMode, USART2::USART2SRBase>, USART2::USART2SRBase, (unsigned int)1>::IsSet<ReadMode, void>()
                         0x800'2e5d   0x10  Code  Gb  irqcontroller.o [1]
button                  0x2000'000c    0x4  Data  Gb  main.o [1]
buttonTask              0x2000'1954  0x864  Data  Gb  main.o [1]
clear                   0x2000'2ba8   0x10  Data  Gb  main.o [1]
counttask               0x2000'0884  0x868  Data  Gb  main.o [1]
event                   0x2000'2aec   0x24  Data  Gb  main.o [1]
exit                     0x800'3011    0x4  Code  Gb  exit.o [2]
frequencemeasure        0x2000'0014  0x870  Data  Gb  main.o [1]
green                   0x2000'2b98   0x10  Data  Gb  main.o [1]
main                     0x800'1f91   0x32  Code  Gb  main.o [1]
next_abi_dtor_rec       0x2000'2c24    0x4  Data  Lc  cppinit.o [2]
out                      0x800'2893   0x18  Code  Lc  xprintftiny.o [2]
pcInterruptPriorityRegisters
                         0x800'3244    0x4  Data  Lc  port.o [1]
prvAddCurrentTaskToDelayedList
                         0x800'0a1d   0x82  Code  Lc  tasks.o [1]
prvAddNewTaskToReadyList
                         0x800'0297   0x9a  Code  Lc  tasks.o [1]
prvCheckForValidListAndQueue
                         0x800'10cd   0x4c  Code  Lc  timers.o [1]
prvCheckForValidListAndQueue{1}{2}{3}{4}::ucStaticTimerQueueStorage
                        0x2000'28c0   0xa0  Data  Lc  timers.o [1]
prvCheckForValidListAndQueue{1}{2}{3}{4}::xStaticTimerQueue
                        0x2000'2a64   0x48  Data  Lc  timers.o [1]
prvCheckTasksWaitingTermination
                         0x800'084d    0x2  Code  Lc  tasks.o [1]
prvCopyDataFromQueue     0x800'174b   0x36  Code  Lc  queue.o [1]
prvCopyDataToQueue       0x800'16af   0x9c  Code  Lc  queue.o [1]
prvGetNextExpireTime     0x800'0ef9   0x28  Code  Lc  timers.o [1]
prvIdleTask              0x800'07f5    0xa  Code  Lc  tasks.o [1]
prvInitialiseNewQueue    0x800'12e9   0x32  Code  Lc  queue.o [1]
prvInitialiseNewTask     0x800'01e9   0xae  Code  Lc  tasks.o [1]
prvInitialiseTaskLists   0x800'07ff   0x4e  Code  Lc  tasks.o [1]
prvInsertTimerInActiveList
                         0x800'0f47   0x50  Code  Lc  timers.o [1]
prvIsQueueEmpty          0x800'17ef   0x1c  Code  Lc  queue.o [1]
prvIsQueueFull           0x800'180b   0x1e  Code  Lc  queue.o [1]
prvProcessExpiredTimer   0x800'0e27   0x48  Code  Lc  timers.o [1]
prvProcessReceivedCommands
                         0x800'0f97   0xbe  Code  Lc  timers.o [1]
prvProcessTimerOrBlockTask
                         0x800'0e8b   0x6e  Code  Lc  timers.o [1]
prvResetNextTaskUnblockTime
                         0x800'084f   0x2a  Code  Lc  tasks.o [1]
prvSampleTimeNow         0x800'0f21   0x26  Code  Lc  timers.o [1]
prvSampleTimeNow::xLastTime
                        0x2000'2c20    0x4  Data  Lc  timers.o [1]
prvSwitchTimerLists      0x800'1055   0x78  Code  Lc  timers.o [1]
prvTaskExitError         0x800'0c01   0x10  Code  Lc  port.o [1]
prvTestWaitCondition     0x800'1df5   0x24  Code  Lc  event_groups.o [1]
prvTimerTask             0x800'0e71   0x1a  Code  Lc  timers.o [1]
prvUnlockQueue           0x800'1781   0x6e  Code  Lc  queue.o [1]
pvTaskIncrementMutexHeldCount
                         0x800'09c9   0x16  Code  Gb  tasks.o [1]
pxCurrentTCB            0x2000'2bd8    0x4  Data  Gb  tasks.o [1]
pxCurrentTimerList      0x2000'2c10    0x4  Data  Lc  timers.o [1]
pxDelayedTaskList       0x2000'2bdc    0x4  Data  Lc  tasks.o [1]
pxOverflowDelayedTaskList
                        0x2000'2be0    0x4  Data  Lc  tasks.o [1]
pxOverflowTimerList     0x2000'2c14    0x4  Data  Lc  timers.o [1]
pxPortInitialiseStack    0x800'0bd9   0x28  Code  Gb  port.o [1]
pxReadyTasksLists       0x2000'2960   0x64  Data  Lc  tasks.o [1]
red                     0x2000'2b88   0x10  Data  Gb  main.o [1]
sprintf                  0x800'2f31   0x40  Code  Gb  sprintf.o [2]
std::array<IColorChannel *, (unsigned int)4>::operator [](unsigned int)
                         0x800'26c1    0x6  Code  Gb  main.o [1]
std::array<unsigned char, (unsigned int)255>::data()
                         0x800'2c7d    0x2  Code  Gb  main.o [1]
std::array<unsigned char, (unsigned int)255>::operator [](unsigned int)
                         0x800'2c7f    0x4  Code  Gb  main.o [1]
std::array<unsigned int, (unsigned int)512>::data()
                         0x800'2715    0x2  Code  Gb  main.o [1]
std::chrono::duration<long long, std::ratio<(long long)1, (long long)1000>>::count() const
                         0x800'280b    0x6  Code  Gb  main.o [1]
std::chrono::duration<unsigned int, std::ratio<(long long)10, (long long)1000>>::count() const
                         0x800'2605    0x4  Code  Gb  main.o [1]
std::chrono::duration<unsigned int, std::ratio<(long long)10, (long long)1000>>::duration<unsigned int, void>(unsigned int const &)
                         0x800'2811    0x6  Code  Gb  main.o [1]
std::enable_if<std::chrono::_Is_duration<std::chrono::duration<unsigned int, std::ratio<(long long)10, (long long)1000>>>::value, std::chrono::duration<unsigned int, std::ratio<(long long)10, (long long)1000>>>::type std::chrono::duration_cast<std::chrono::duration<unsigned int, std::ratio<(long long)10, (long long)1000>>, long long, std::ratio<(long long)1, (long long)1000>>(std::chrono::duration<long long, std::ratio<(long long)1, (long long)1000>> const &)
                         0x800'25e5   0x20  Code  Gb  main.o [1]
strlen                   0x800'29c9         Code  Gb  strlen.o [5]
timer2                  0x2000'2bc8    0xc  Data  Gb  startupF411RE.o [1]
ucMaxSysCallPriority    0x2000'2c2d    0x1  Data  Lc  port.o [1]
ulMaxPRIGROUPValue      0x2000'2bd4    0x4  Data  Lc  port.o [1]
unsigned int RegisterBase<(unsigned int)1073741876, (unsigned int)32, ReadWriteMode>::Get<ReadWriteMode, void>()
                         0x800'2bd5    0xc  Code  Gb  main.o [1]
unsigned int RegisterBase<(unsigned int)1073874960, (unsigned int)32, ReadMode>::Get<ReadMode, void>()
                         0x800'30a9    0xc  Code  Gb  main.o [1]
usartDriver             0x2000'27b8  0x108  Data  Gb  main.o [1]
uxCriticalNesting       0x2000'0010    0x4  Data  Lc  port.o [1]
uxCurrentNumberOfTasks  0x2000'2be4    0x4  Data  Lc  tasks.o [1]
uxListRemove             0x800'0b77   0x28  Code  Gb  list.o [1]
uxPendedTicks           0x2000'2bf4    0x4  Data  Lc  tasks.o [1]
uxSchedulerSuspended    0x2000'2c0c    0x4  Data  Lc  tasks.o [1]
uxTaskNumber            0x2000'2c00    0x4  Data  Lc  tasks.o [1]
uxTaskResetEventItemValue
                         0x800'09b3   0x16  Code  Gb  tasks.o [1]
uxTopReadyPriority      0x2000'2bec    0x4  Data  Lc  tasks.o [1]
vApplicationGetIdleTaskMemory
                         0x800'0a9f    0xe  Code  Gb  tasks.o [1]
vApplicationGetIdleTaskMemory::uxIdleTaskStack
                        0x2000'25b8  0x200  Data  Lc  tasks.o [1]
vApplicationGetIdleTaskMemory::xIdleTaskTCB
                        0x2000'29c4   0x50  Data  Lc  tasks.o [1]
vApplicationGetTimerTaskMemory
                         0x800'0aad   0x10  Code  Gb  tasks.o [1]
vApplicationGetTimerTaskMemory::uxTimerTaskStack
                        0x2000'21b8  0x400  Data  Lc  tasks.o [1]
vApplicationGetTimerTaskMemory::xTimerTaskTCB
                        0x2000'2a14   0x50  Data  Lc  tasks.o [1]
vEventGroupDelete        0x800'1dc1   0x24  Code  Gb  event_groups.o [1]
vEventGroupSetBitsCallback
                         0x800'1de5   0x10  Code  Gb  event_groups.o [1]
vListInitialise          0x800'0b05   0x1e  Code  Gb  list.o [1]
vListInitialiseItem      0x800'0b23    0x6  Code  Gb  list.o [1]
vListInsert              0x800'0b41   0x36  Code  Gb  list.o [1]
vListInsertEnd           0x800'0b29   0x18  Code  Gb  list.o [1]
vPortEnableVFP           0x800'1201         Code  Gb  portasm.o [1]
vPortEnterCritical       0x800'0c99   0x22  Code  Gb  port.o [1]
vPortExitCritical        0x800'0cbb   0x16  Code  Gb  port.o [1]
vPortSVCHandler          0x800'11cd         Code  Gb  portasm.o [1]
vPortStartFirstTask      0x800'11e9         Code  Gb  portasm.o [1]
vPortValidateInterruptPriority
                         0x800'0cfd   0x16  Code  Gb  port.o [1]
vQueueAddToRegistry      0x800'1829   0x26  Code  Gb  queue.o [1]
vQueueWaitForMessageRestricted
                         0x800'1859   0x4c  Code  Gb  queue.o [1]
vTaskDelay               0x800'0331   0x3a  Code  Gb  tasks.o [1]
vTaskMissedYield         0x800'07e9    0xa  Code  Gb  tasks.o [1]
vTaskPlaceOnEventList    0x800'062f   0x20  Code  Gb  tasks.o [1]
vTaskPlaceOnEventListRestricted
                         0x800'067f   0x2c  Code  Gb  tasks.o [1]
vTaskPlaceOnUnorderedEventList
                         0x800'064f   0x30  Code  Gb  tasks.o [1]
vTaskPriorityInherit     0x800'0897   0x9a  Code  Gb  tasks.o [1]
vTaskSetTimeOutState     0x800'077d   0x12  Code  Gb  tasks.o [1]
vTaskStartScheduler      0x800'036b   0x84  Code  Gb  tasks.o [1]
vTaskSuspendAll          0x800'03ef    0xc  Code  Gb  tasks.o [1]
vTaskSwitchContext       0x800'05d7   0x58  Code  Gb  tasks.o [1]
void FieldValueBase<GPIOA_AFRL_AFRL7_Values<GPIOA::AFRL, (unsigned int)0, (unsigned int)4, ReadWriteMode, GPIOA::GPIOAAFRLBase>, GPIOA::GPIOAAFRLBase, (unsigned int)1>::Set<ReadWriteMode, void>()
                         0x800'2449   0x14  Code  Gb  main.o [1]
void FieldValueBase<GPIOA_AFRL_AFRL7_Values<GPIOA::AFRL, (unsigned int)12, (unsigned int)4, ReadWriteMode, GPIOA::GPIOAAFRLBase>, GPIOA::GPIOAAFRLBase, (unsigned int)7>::Set<ReadWriteMode, void>()
                         0x800'2365   0x14  Code  Gb  main.o [1]
void FieldValueBase<GPIOA_AFRL_AFRL7_Values<GPIOA::AFRL, (unsigned int)8, (unsigned int)4, ReadWriteMode, GPIOA::GPIOAAFRLBase>, GPIOA::GPIOAAFRLBase, (unsigned int)7>::Set<ReadWriteMode, void>()
                         0x800'2351   0x14  Code  Gb  main.o [1]
void FieldValueBase<GPIOA_MODER_MODER15_Values<GPIOA::MODER, (unsigned int)0, (unsigned int)2, ReadWriteMode, GPIOA::GPIOAMODERBase>, GPIOA::GPIOAMODERBase, (unsigned int)2>::Set<ReadWriteMode, void>()
                         0x800'2295   0x14  Code  Gb  main.o [1]
void FieldValueBase<GPIOA_MODER_MODER15_Values<GPIOA::MODER, (unsigned int)4, (unsigned int)2, ReadWriteMode, GPIOA::GPIOAMODERBase>, GPIOA::GPIOAMODERBase, (unsigned int)2>::Set<ReadWriteMode, void>()
                         0x800'2329   0x14  Code  Gb  main.o [1]
void FieldValueBase<GPIOA_MODER_MODER15_Values<GPIOA::MODER, (unsigned int)6, (unsigned int)2, ReadWriteMode, GPIOA::GPIOAMODERBase>, GPIOA::GPIOAMODERBase, (unsigned int)2>::Set<ReadWriteMode, void>()
                         0x800'233d   0x14  Code  Gb  main.o [1]
void FieldValueBase<GPIOA_OTYPER_OT2_Values<GPIOA::OTYPER, (unsigned int)2, (unsigned int)1, ReadWriteMode, GPIOA::GPIOAOTYPERBase>, GPIOA::GPIOAOTYPERBase, (unsigned int)0>::Set<ReadWriteMode, void>()
                         0x800'2379   0x10  Code  Gb  main.o [1]
void FieldValueBase<GPIOA_OTYPER_OT3_Values<GPIOA::OTYPER, (unsigned int)3, (unsigned int)1, ReadWriteMode, GPIOA::GPIOAOTYPERBase>, GPIOA::GPIOAOTYPERBase, (unsigned int)0>::Set<ReadWriteMode, void>()
                         0x800'2389   0x10  Code  Gb  main.o [1]
void FieldValueBase<GPIOA_PUPDR_PUPDR15_Values<GPIOA::PUPDR, (unsigned int)4, (unsigned int)2, ReadWriteMode, GPIOA::GPIOAPUPDRBase>, GPIOA::GPIOAPUPDRBase, (unsigned int)1>::Set<ReadWriteMode, void>()
                         0x800'2399   0x14  Code  Gb  main.o [1]
void FieldValueBase<GPIOA_PUPDR_PUPDR15_Values<GPIOA::PUPDR, (unsigned int)6, (unsigned int)2, ReadWriteMode, GPIOA::GPIOAPUPDRBase>, GPIOA::GPIOAPUPDRBase, (unsigned int)1>::Set<ReadWriteMode, void>()
                         0x800'23ad   0x14  Code  Gb  main.o [1]
void FieldValueBase<GPIOC_BSRR_BS10_Values<GPIOC::BSRR, (unsigned int)10, (unsigned int)1, WriteMode, GPIOC::GPIOCBSRRBase>, GPIOC::GPIOCBSRRBase, (unsigned int)1>::Write<WriteMode, void>()
                         0x800'2319   0x10  Code  Gb  main.o [1]
void FieldValueBase<GPIOC_BSRR_BS11_Values<GPIOC::BSRR, (unsigned int)11, (unsigned int)1, WriteMode, GPIOC::GPIOCBSRRBase>, GPIOC::GPIOCBSRRBase, (unsigned int)1>::Write<WriteMode, void>()
                         0x800'2309   0x10  Code  Gb  main.o [1]
void FieldValueBase<GPIOC_MODER_MODER15_Values<GPIOC::MODER, (unsigned int)20, (unsigned int)2, ReadWriteMode, GPIOC::GPIOCMODERBase>, GPIOC::GPIOCMODERBase, (unsigned int)1>::Set<ReadWriteMode, void>()
                         0x800'22bd   0x14  Code  Gb  main.o [1]
void FieldValueBase<GPIOC_MODER_MODER15_Values<GPIOC::MODER, (unsigned int)22, (unsigned int)2, ReadWriteMode, GPIOC::GPIOCMODERBase>, GPIOC::GPIOCMODERBase, (unsigned int)1>::Set<ReadWriteMode, void>()
                         0x800'22a9   0x14  Code  Gb  main.o [1]
void FieldValueBase<GPIOC_MODER_MODER15_Values<GPIOC::MODER, (unsigned int)24, (unsigned int)2, ReadWriteMode, GPIOC::GPIOCMODERBase>, GPIOC::GPIOCMODERBase, (unsigned int)1>::Set<ReadWriteMode, void>()
                         0x800'22e5   0x14  Code  Gb  main.o [1]
void FieldValueBase<GPIOC_MODER_MODER15_Values<GPIOC::MODER, (unsigned int)26, (unsigned int)2, ReadWriteMode, GPIOC::GPIOCMODERBase>, GPIOC::GPIOCMODERBase, (unsigned int)0>::Set<ReadWriteMode, void>()
                         0x800'22f9   0x10  Code  Gb  main.o [1]
void FieldValueBase<GPIOD_MODER_MODER15_Values<GPIOD::MODER, (unsigned int)4, (unsigned int)2, ReadWriteMode, GPIOD::GPIODMODERBase>, GPIOD::GPIODMODERBase, (unsigned int)1>::Set<ReadWriteMode, void>()
                         0x800'22d1   0x14  Code  Gb  main.o [1]
void FieldValueBase<RCC_AHB1ENR_DMA2EN_Values<RCC::APB1ENR, (unsigned int)0, (unsigned int)1, ReadWriteMode, RCC::RCCAPB1ENRBase>, RCC::RCCAPB1ENRBase, (unsigned int)1>::Set<ReadWriteMode, void>()
                         0x800'2491   0x10  Code  Gb  main.o [1]
void FieldValueBase<RCC_AHB1ENR_DMA2EN_Values<RCC::APB1ENR, (unsigned int)17, (unsigned int)1, ReadWriteMode, RCC::RCCAPB1ENRBase>, RCC::RCCAPB1ENRBase, (unsigned int)1>::Set<ReadWriteMode, void>()
                         0x800'23c1   0x10  Code  Gb  main.o [1]
void FieldValueBase<RCC_AHB1ENR_GPIOAEN_Values<RCC::AHB1ENR, (unsigned int)0, (unsigned int)1, ReadWriteMode, RCC::RCCAHB1ENRBase>, RCC::RCCAHB1ENRBase, (unsigned int)1>::Set<ReadWriteMode, void>()
                         0x800'2265   0x10  Code  Gb  main.o [1]
void FieldValueBase<RCC_AHB1ENR_GPIOCEN_Values<RCC::AHB1ENR, (unsigned int)2, (unsigned int)1, ReadWriteMode, RCC::RCCAHB1ENRBase>, RCC::RCCAHB1ENRBase, (unsigned int)1>::Set<ReadWriteMode, void>()
                         0x800'2275   0x10  Code  Gb  main.o [1]
void FieldValueBase<RCC_AHB1ENR_GPIODEN_Values<RCC::AHB1ENR, (unsigned int)3, (unsigned int)1, ReadWriteMode, RCC::RCCAHB1ENRBase>, RCC::RCCAHB1ENRBase, (unsigned int)1>::Set<ReadWriteMode, void>()
                         0x800'2285   0x10  Code  Gb  main.o [1]
void FieldValueBase<RCC_CFGR_SW_Values<RCC::CFGR, (unsigned int)0, (unsigned int)2, ReadWriteMode, RCC::RCCCFGRBase>, RCC::RCCCFGRBase, (unsigned int)0>::Set<ReadWriteMode, void>()
                         0x800'223d   0x10  Code  Gb  main.o [1]
void FieldValueBase<RCC_CR_HSION_Values<RCC::CR, (unsigned int)0, (unsigned int)1, ReadWriteMode, RCC::RCCCRBase>, RCC::RCCCRBase, (unsigned int)1>::Set<ReadWriteMode, void>()
                         0x800'2215   0x10  Code  Gb  main.o [1]
void FieldValueBase<TIM2_CCER_CC1E_Values<TIM2::CCER, (unsigned int)0, (unsigned int)1, ReadWriteMode, TIM2::TIM2CCERBase>, TIM2::TIM2CCERBase, (unsigned int)0>::Set<ReadWriteMode, void>()
                         0x800'2b95   0x10  Code  Gb  main.o [1]
void FieldValueBase<TIM2_CCER_CC1E_Values<TIM2::CCER, (unsigned int)0, (unsigned int)1, ReadWriteMode, TIM2::TIM2CCERBase>, TIM2::TIM2CCERBase, (unsigned int)1>::Set<ReadWriteMode, void>()
                         0x800'2b1d   0x10  Code  Gb  main.o [1]
void FieldValueBase<TIM2_CCER_CC1NP_Values<TIM2::CCER, (unsigned int)3, (unsigned int)1, ReadWriteMode, TIM2::TIM2CCERBase>, TIM2::TIM2CCERBase, (unsigned int)0>::Set<ReadWriteMode, void>()
                         0x800'251d   0x10  Code  Gb  main.o [1]
void FieldValueBase<TIM2_CCER_CC1P_Values<TIM2::CCER, (unsigned int)1, (unsigned int)1, ReadWriteMode, TIM2::TIM2CCERBase>, TIM2::TIM2CCERBase, (unsigned int)0>::Set<ReadWriteMode, void>()
                         0x800'250d   0x10  Code  Gb  main.o [1]
void FieldValueBase<TIM2_CCMR1_Input_CC1S_Values<TIM2::CCMR1_Input, (unsigned int)0, (unsigned int)2, ReadWriteMode, TIM2::TIM2CCMR1_InputBase>, TIM2::TIM2CCMR1_InputBase, (unsigned int)1>::Set<ReadWriteMode, void>()
                         0x800'24e5   0x14  Code  Gb  main.o [1]
void FieldValueBase<TIM2_CCMR1_Input_IC1F_Values<TIM2::CCMR1_Input, (unsigned int)4, (unsigned int)4, ReadWriteMode, TIM2::TIM2CCMR1_InputBase>, TIM2::TIM2CCMR1_InputBase, (unsigned int)2>::Set<ReadWriteMode, void>()
                         0x800'24f9   0x14  Code  Gb  main.o [1]
void FieldValueBase<TIM2_CCMR1_Input_ICPCS_Values<TIM2::CCMR1_Input, (unsigned int)2, (unsigned int)2, ReadWriteMode, TIM2::TIM2CCMR1_InputBase>, TIM2::TIM2CCMR1_InputBase, (unsigned int)2>::Set<ReadWriteMode, void>()
                         0x800'252d   0x14  Code  Gb  main.o [1]
void FieldValueBase<TIM2_CR1_CEN_Values<TIM2::CR1, (unsigned int)0, (unsigned int)1, ReadWriteMode, TIM2::TIM2CR1Base>, TIM2::TIM2CR1Base, (unsigned int)1>::Set<ReadWriteMode, void>()
                         0x800'24cd    0xe  Code  Gb  main.o [1]
void FieldValueBase<TIM2_CR1_URS_Values<TIM2::CR1, (unsigned int)2, (unsigned int)1, ReadWriteMode, TIM2::TIM2CR1Base>, TIM2::TIM2CR1Base, (unsigned int)1>::Set<ReadWriteMode, void>()
                         0x800'2469    0xe  Code  Gb  main.o [1]
void FieldValueBase<TIM2_DIER_CC1IE_Values<TIM2::DIER, (unsigned int)1, (unsigned int)1, ReadWriteMode, TIM2::TIM2DIERBase>, TIM2::TIM2DIERBase, (unsigned int)0>::Set<ReadWriteMode, void>()
                         0x800'2ba5   0x10  Code  Gb  main.o [1]
void FieldValueBase<TIM2_DIER_CC1IE_Values<TIM2::DIER, (unsigned int)1, (unsigned int)1, ReadWriteMode, TIM2::TIM2DIERBase>, TIM2::TIM2DIERBase, (unsigned int)1>::Set<ReadWriteMode, void>()
                         0x800'2b2d   0x10  Code  Gb  main.o [1]
void FieldValueBase<TIM2_SR_UIF_Values<TIM2::SR, (unsigned int)0, (unsigned int)1, ReadWriteMode, TIM2::TIM2SRBase>, TIM2::TIM2SRBase, (unsigned int)0>::Set<ReadWriteMode, void>()
                         0x800'24b1   0x10  Code  Gb  main.o [1]
void FieldValueBase<USART2_CR1_M_Values<USART2::CR1, (unsigned int)12, (unsigned int)1, ReadWriteMode, USART2::USART2CR1Base>, USART2::USART2CR1Base, (unsigned int)0>::Set<ReadWriteMode, void>()
                         0x800'23d1   0x10  Code  Gb  main.o [1]
void FieldValueBase<USART2_CR1_OVER8_Values<USART2::CR1, (unsigned int)15, (unsigned int)1, ReadWriteMode, USART2::USART2CR1Base>, USART2::USART2CR1Base, (unsigned int)0>::Set<ReadWriteMode, void>()
                         0x800'23f1   0x10  Code  Gb  main.o [1]
void FieldValueBase<USART2_CR1_PCE_Values<USART2::CR1, (unsigned int)10, (unsigned int)1, ReadWriteMode, USART2::USART2CR1Base>, USART2::USART2CR1Base, (unsigned int)0>::Set<ReadWriteMode, void>()
                         0x800'23e1   0x10  Code  Gb  main.o [1]
void FieldValueBase<USART2_CR1_RE_Values<USART2::CR1, (unsigned int)2, (unsigned int)1, ReadWriteMode, USART2::USART2CR1Base>, USART2::USART2CR1Base, (unsigned int)0>::Set<ReadWriteMode, void>()
                         0x800'2ebd   0x10  Code  Gb  irqcontroller.o [1]
void FieldValueBase<USART2_CR1_TE_Values<USART2::CR1, (unsigned int)3, (unsigned int)1, ReadWriteMode, USART2::USART2CR1Base>, USART2::USART2CR1Base, (unsigned int)1>::Set<ReadWriteMode, void>()
                         0x800'242d   0x10  Code  Gb  main.o [1]
void FieldValueBase<USART2_CR1_TXEIE_Values<USART2::CR1, (unsigned int)7, (unsigned int)1, ReadWriteMode, USART2::USART2CR1Base>, USART2::USART2CR1Base, (unsigned int)0>::Set<ReadWriteMode, void>()
                         0x800'2ecd   0x10  Code  Gb  irqcontroller.o [1]
void FieldValueBase<USART2_CR1_TXEIE_Values<USART2::CR1, (unsigned int)7, (unsigned int)1, ReadWriteMode, USART2::USART2CR1Base>, USART2::USART2CR1Base, (unsigned int)1>::Set<ReadWriteMode, void>()
                         0x800'2cb5   0x10  Code  Gb  main.o [1]
void FieldValueBase<USART2_CR1_UE_Values<USART2::CR1, (unsigned int)13, (unsigned int)1, ReadWriteMode, USART2::USART2CR1Base>, USART2::USART2CR1Base, (unsigned int)1>::Set<ReadWriteMode, void>()
                         0x800'241d   0x10  Code  Gb  main.o [1]
void FieldValueBase<USART2_CR2_STOP_Values<USART2::CR2, (unsigned int)12, (unsigned int)2, ReadWriteMode, USART2::USART2CR2Base>, USART2::USART2CR2Base, (unsigned int)0>::Set<ReadWriteMode, void>()
                         0x800'2401   0x10  Code  Gb  main.o [1]
void OsWrapper::Rtos::CreateThread<BlueToothTask<counttask>>(BlueToothTask<counttask> &, char const *, OsWrapper::ThreadPriority)
                         0x800'25ad   0x24  Code  Gb  main.o [1]
void OsWrapper::Rtos::CreateThread<ButtonTask>(ButtonTask &, char const *, OsWrapper::ThreadPriority)
                         0x800'2589   0x24  Code  Gb  main.o [1]
void OsWrapper::Rtos::CreateThread<CountTask>(CountTask &, char const *, OsWrapper::ThreadPriority)
                         0x800'2565   0x24  Code  Gb  main.o [1]
void OsWrapper::Rtos::CreateThread<FrequenceMeasure>(FrequenceMeasure &, char const *, OsWrapper::ThreadPriority)
                         0x800'2541   0x24  Code  Gb  main.o [1]
void OsWrapper::RtosWrapper::wCreateThread<OsWrapper::Rtos, BlueToothTask<counttask>>(BlueToothTask<counttask> &, char const *, OsWrapper::ThreadPriority, unsigned short, unsigned int *)
                         0x800'27c1   0x38  Code  Gb  main.o [1]
void OsWrapper::RtosWrapper::wCreateThread<OsWrapper::Rtos, ButtonTask>(ButtonTask &, char const *, OsWrapper::ThreadPriority, unsigned short, unsigned int *)
                         0x800'2789   0x38  Code  Gb  main.o [1]
void OsWrapper::RtosWrapper::wCreateThread<OsWrapper::Rtos, CountTask>(CountTask &, char const *, OsWrapper::ThreadPriority, unsigned short, unsigned int *)
                         0x800'2751   0x38  Code  Gb  main.o [1]
void OsWrapper::RtosWrapper::wCreateThread<OsWrapper::Rtos, FrequenceMeasure>(FrequenceMeasure &, char const *, OsWrapper::ThreadPriority, unsigned short, unsigned int *)
                         0x800'2719   0x38  Code  Gb  main.o [1]
void RegisterBase<(unsigned int)1073741860, (unsigned int)32, ReadWriteMode>::Write<ReadWriteMode, void>(unsigned int)
                         0x800'24c1    0xc  Code  Gb  main.o [1]
void RegisterBase<(unsigned int)1073741864, (unsigned int)32, ReadWriteMode>::Set<ReadWriteMode, void>(unsigned int)
                         0x800'24a1   0x10  Code  Gb  main.o [1]
void RegisterBase<(unsigned int)1073759236, (unsigned int)32, ReadWriteMode>::Write<ReadWriteMode, void>(unsigned int)
                         0x800'2ca9    0xc  Code  Gb  main.o [1]
void RegisterBase<(unsigned int)1073759240, (unsigned int)32, ReadWriteMode>::Write<ReadWriteMode, void>(unsigned int)
                         0x800'2411    0xc  Code  Gb  main.o [1]
void RegisterBase<(unsigned int)1073874968, (unsigned int)32, WriteMode>::Write<WriteMode, void>(unsigned int)
                         0x800'3141    0xc  Code  Gb  main.o [1]
void RegisterBase<(unsigned int)1073875992, (unsigned int)32, WriteMode>::Write<WriteMode, void>(unsigned int)
                         0x800'315d    0xc  Code  Gb  main.o [1]
void RegisterBase<(unsigned int)3758153984, (unsigned int)32, ReadWriteMode>::Write<ReadWriteMode, void>(unsigned int)
                         0x800'245d    0xc  Code  Gb  main.o [1]
void RegisterBase<(unsigned int)3758153988, (unsigned int)32, ReadWriteMode>::Write<ReadWriteMode, void>(unsigned int)
                         0x800'243d    0xc  Code  Gb  main.o [1]
xActiveTimerList1       0x2000'2b60   0x14  Data  Lc  timers.o [1]
xActiveTimerList2       0x2000'2b74   0x14  Data  Lc  timers.o [1]
xDelayedTaskList1       0x2000'2b10   0x14  Data  Lc  tasks.o [1]
xDelayedTaskList2       0x2000'2b24   0x14  Data  Lc  tasks.o [1]
xEventGroupCreateStatic
                         0x800'1c09   0x18  Code  Gb  event_groups.o [1]
xEventGroupSetBits       0x800'1d15   0xac  Code  Gb  event_groups.o [1]
xEventGroupWaitBits      0x800'1c21   0xee  Code  Gb  event_groups.o [1]
xIdleTaskHandle         0x2000'2c08    0x4  Data  Lc  tasks.o [1]
xNextTaskUnblockTime    0x2000'2c04    0x4  Data  Lc  tasks.o [1]
xNumOfOverflows         0x2000'2bfc    0x4  Data  Lc  tasks.o [1]
xPendingReadyList       0x2000'2b38   0x14  Data  Lc  tasks.o [1]
xPortPendSVHandler       0x800'1175         Code  Gb  portasm.o [1]
xPortStartScheduler      0x800'0c11   0x88  Code  Gb  port.o [1]
xPortSysTickHandler      0x800'0cd1   0x28  Code  Gb  port.o [1]
xQueueGenericCreateStatic
                         0x800'129d   0x4c  Code  Gb  queue.o [1]
xQueueGenericReceive     0x800'151b  0x194  Code  Gb  queue.o [1]
xQueueGenericReset       0x800'121d   0x80  Code  Gb  queue.o [1]
xQueueGenericSend        0x800'131b  0x15a  Code  Gb  queue.o [1]
xQueueGenericSendFromISR
                         0x800'1475   0xa6  Code  Gb  queue.o [1]
xQueueRegistry          0x2000'2aac   0x40  Data  Gb  queue.o [1]
xSchedulerRunning       0x2000'2bf0    0x4  Data  Lc  tasks.o [1]
xSuspendedTaskList      0x2000'2b4c   0x14  Data  Lc  tasks.o [1]
xTaskCheckForTimeOut     0x800'078f   0x5a  Code  Gb  tasks.o [1]
xTaskCreateStatic        0x800'0199   0x50  Code  Gb  tasks.o [1]
xTaskGetSchedulerState   0x800'0879   0x1e  Code  Gb  tasks.o [1]
xTaskGetTickCount        0x800'04cf    0x8  Code  Gb  tasks.o [1]
xTaskIncrementTick       0x800'04d7  0x100  Code  Gb  tasks.o [1]
xTaskPriorityDisinherit
                         0x800'0931   0x82  Code  Gb  tasks.o [1]
xTaskRemoveFromEventList
                         0x800'06ab   0x70  Code  Gb  tasks.o [1]
xTaskRemoveFromUnorderedEventList
                         0x800'071b   0x62  Code  Gb  tasks.o [1]
xTaskResumeAll           0x800'03fb   0xd4  Code  Gb  tasks.o [1]
xTickCount              0x2000'2be8    0x4  Data  Lc  tasks.o [1]
xTimerCreateTimerTask    0x800'0d61   0x58  Code  Gb  timers.o [1]
xTimerGenericCommand     0x800'0db9   0x6e  Code  Gb  timers.o [1]
xTimerPendFunctionCallFromISR
                         0x800'1119   0x2a  Code  Gb  timers.o [1]
xTimerQueue             0x2000'2c18    0x4  Data  Lc  timers.o [1]
xTimerTaskHandle        0x2000'2c1c    0x4  Data  Lc  timers.o [1]
xYieldPending           0x2000'2bf8    0x4  Data  Lc  tasks.o [1]


[1] = D:\Cpecialno dlyf IAR\Kursach_Gotov\RtosWrapper\Debug\Obj
[2] = dl7M_tln.a
[3] = dlpp7M_tl_nc.a
[4] = m7M_tls.a
[5] = rt7M_tl.a
[6] = shb_l.a

  12'069 bytes of readonly  code memory
     891 bytes of readonly  data memory
  19'899 bytes of readwrite data memory

Errors: none
Warnings: none
