###############################################################################
#
# IAR ANSI C/C++ Compiler V8.40.2.214/W32 for ARM         22/May/2021  13:58:13
# Copyright 1999-2019 IAR Systems AB.
#
#    Cpu mode     =  
#    Endian       =  little
#    Source file  =
#        D:\Cpecialno dlyf
#        IAR\Kursach\RTOS-main\RTOS-main\RtosWrapper\AHardware\IrqController\irqcontroller.cpp
#    Command line =
#        -f C:\Users\kadyr\AppData\Local\Temp\EW624F.tmp ("D:\Cpecialno dlyf
#        IAR\Kursach\RTOS-main\RTOS-main\RtosWrapper\AHardware\IrqController\irqcontroller.cpp"
#        -lC "D:\Cpecialno dlyf
#        IAR\Kursach\RTOS-main\RTOS-main\RtosWrapper\Debug\List" -lA
#        "D:\Cpecialno dlyf
#        IAR\Kursach\RTOS-main\RTOS-main\RtosWrapper\Debug\List" -o
#        "D:\Cpecialno dlyf
#        IAR\Kursach\RTOS-main\RTOS-main\RtosWrapper\Debug\Obj" --no_cse
#        --no_unroll --no_inline --no_code_motion --no_tbaa --no_clustering
#        --no_scheduling --debug --endian=little --cpu=Cortex-M4 -e
#        --fpu=VFPv4_sp --dlib_config "D:\@@@@@ @@@
#        @@@@@\arm\inc\c\DLib_Config_Normal.h" -I "D:\Cpecialno dlyf
#        IAR\Kursach\RTOS-main\RTOS-main\RtosWrapper\Rtos\" -I "D:\Cpecialno
#        dlyf IAR\Kursach\RTOS-main\RTOS-main\RtosWrapper\Rtos\wrapper\" -I
#        "D:\Cpecialno dlyf
#        IAR\Kursach\RTOS-main\RTOS-main\RtosWrapper\Rtos\wrapper\FreeRtos\" -I
#        "D:\Cpecialno dlyf
#        IAR\Kursach\RTOS-main\RTOS-main\RtosWrapper\Rtos\FreeRtos\" -I
#        "D:\Cpecialno dlyf
#        IAR\Kursach\RTOS-main\RTOS-main\RtosWrapper\Rtos\FreeRtos\include\" -I
#        "D:\Cpecialno dlyf
#        IAR\Kursach\RTOS-main\RTOS-main\RtosWrapper\Rtos\FreeRtos\portable\"
#        -I "D:\Cpecialno dlyf
#        IAR\Kursach\RTOS-main\RTOS-main\RtosWrapper\Rtos\FreeRtos\portable\Common\"
#        -I "D:\Cpecialno dlyf
#        IAR\Kursach\RTOS-main\RTOS-main\RtosWrapper\Rtos\FreeRtos\portable\IAR\"
#        -I "D:\Cpecialno dlyf
#        IAR\Kursach\RTOS-main\RTOS-main\RtosWrapper\Rtos\FreeRtos\portable\IAR\ARM_CM4F\"
#        -I "D:\Cpecialno dlyf
#        IAR\Kursach\RTOS-main\RTOS-main\RtosWrapper\Rtos\FreeRtos\portable\MemMang\"
#        -I "D:\Cpecialno dlyf
#        IAR\Kursach\RTOS-main\RTOS-main\RtosWrapper\MyTasks\" -I "D:\Cpecialno
#        dlyf IAR\Kursach\RTOS-main\RTOS-main\RtosWrapper\Common\" -I
#        "D:\Cpecialno dlyf IAR\Kursach\RTOS-main\RTOS-main\RtosWrapper\CMSIS\"
#        -I "D:\Cpecialno dlyf
#        IAR\Kursach\RTOS-main\RTOS-main\RtosWrapper\Application\" -I
#        "D:\Cpecialno dlyf
#        IAR\Kursach\RTOS-main\RTOS-main\RtosWrapper\Application\Diagnostic\"
#        -I "D:\Cpecialno dlyf
#        IAR\Kursach\RTOS-main\RTOS-main\RtosWrapper\AHardware\" -I
#        "D:\Cpecialno dlyf
#        IAR\Kursach\RTOS-main\RTOS-main\RtosWrapper\AHardware\GpioPort\" -I
#        "D:\Cpecialno dlyf
#        IAR\Kursach\RTOS-main\RTOS-main\RtosWrapper\AHardware\IrqController\"
#        -I "D:\Cpecialno dlyf
#        IAR\Kursach\RTOS-main\RTOS-main\RtosWrapper\..\CortexLib\AbstractHardware\Pin\"
#        -I "D:\Cpecialno dlyf
#        IAR\Kursach\RTOS-main\RTOS-main\RtosWrapper\AHardware\STM32F411\FieldValues\"
#        -I "D:\Cpecialno dlyf
#        IAR\Kursach\RTOS-main\RTOS-main\RtosWrapper\AHardware\STM32F411\" -I
#        "D:\Cpecialno dlyf
#        IAR\Kursach\RTOS-main\RTOS-main\RtosWrapper\..\CortexLib\AbstractHardware\Registers\"
#        -I "D:\Cpecialno dlyf
#        IAR\Kursach\RTOS-main\RTOS-main\RtosWrapper\..\CortexLib\AbstractHardware\Port\"
#        -I "D:\Cpecialno dlyf
#        IAR\Kursach\RTOS-main\RTOS-main\RtosWrapper\..\CortexLib\AbstractHardware\Atomic\"
#        -I "D:\Cpecialno dlyf
#        IAR\Kursach\RTOS-main\RTOS-main\RtosWrapper\..\CortexLib\Common\" -I
#        "D:\Cpecialno dlyf
#        IAR\Kursach\RTOS-main\RTOS-main\RtosWrapper\..\CortexLib\Common\Singleton\"
#        -I "D:\Cpecialno dlyf
#        IAR\Kursach\RTOS-main\RTOS-main\RtosWrapper\..\CortexLib\Common\RomObject\"
#        -I "D:\Cpecialno dlyf
#        IAR\Kursach\RTOS-main\RTOS-main\RtosWrapper\AHardware\STM32F411\FieldValues\"
#        -I "D:\Cpecialno dlyf
#        IAR\Kursach\RTOS-main\RTOS-main\RtosWrapper\AHardware\CortexM4\" -I
#        "D:\Cpecialno dlyf
#        IAR\Kursach\RTOS-main\RTOS-main\RtosWrapper\AHardware\CortexM4\" -I
#        "D:\Cpecialno dlyf
#        IAR\Kursach\RTOS-main\RTOS-main\RtosWrapper\AHardware\STM32F411\" -I
#        "D:\Cpecialno dlyf
#        IAR\Kursach\RTOS-main\RTOS-main\RtosWrapper\AHardware\ColorSensorClasses\"
#        -I "D:\Cpecialno dlyf
#        IAR\Kursach\RTOS-main\RTOS-main\RtosWrapper\AHardware\CortexM4\FieldValues\"
#        -On --c++ --no_exceptions --no_rtti)
#    Locale       =  C
#    List file    =
#        D:\Cpecialno dlyf
#        IAR\Kursach\RTOS-main\RTOS-main\RtosWrapper\Debug\List\irqcontroller.lst
#    Object file  =
#        D:\Cpecialno dlyf
#        IAR\Kursach\RTOS-main\RTOS-main\RtosWrapper\Debug\Obj\irqcontroller.o
#
###############################################################################

D:\Cpecialno dlyf IAR\Kursach\RTOS-main\RTOS-main\RtosWrapper\AHardware\IrqController\irqcontroller.cpp
      1          //
Warning[Ms014]: some characters could not be correctly encoded in "D:\Cpecialno
          dlyf
          IAR\Kursach\RTOS-main\RTOS-main\RtosWrapper\Debug\List\irqcontroller
          .s", and have been replaced with '@'. The first such character has
          unicode code point 0x41f ("@")
      2          // Created by Sergey on 27.08.2018.
      3          //
      4          #include "irqcontroller.hpp"
      5          #include "Timer2.h"

   \                                 In section .text, align 2
   \   __interwork __vfp uint8_t & std::array<uint8_t, 255U>::operator[](size_t)
   \                     _ZNSt5arrayIhLj255EEixEj: (+1)
   \        0x0   0x4408             ADD      R0,R0,R1
   \        0x2   0x4770             BX       LR               ;; return

   \                                 In section .text, align 4
   \   __interwork __vfp void FieldValueBase<USART2_CR1_RE_Values<USART2::CR1, 2U, 1U, ReadWriteMode, USART2::USART2CR1Base>, USART2::USART2CR1Base, 0U>::Set<ReadWriteMode, void>()
   \                     _ZN14FieldValueBaseI20USART2_CR1_RE_ValuesIN6USART23CR1ELj2ELj1E13ReadWriteModeNS1_13USART2CR1BaseEES4_Lj0EE3SetIS3_vEEvv: (+1)
   \        0x0   0x4902             LDR.N    R1,??Set_0       ;; 0x4000440c
   \        0x2   0x6808             LDR      R0,[R1, #+0]
   \        0x4   0xF030 0x0204      BICS     R2,R0,#0x4
   \        0x8   0x600A             STR      R2,[R1, #+0]
   \        0xA   0x4770             BX       LR               ;; return
   \                     ??Set_0:
   \        0xC   0x4000'440C        DC32     0x4000440c

   \                                 In section .text, align 4
   \   __interwork __vfp void FieldValueBase<USART2_CR1_TXEIE_Values<USART2::CR1, 7U, 1U, ReadWriteMode, USART2::USART2CR1Base>, USART2::USART2CR1Base, 0U>::Set<ReadWriteMode, void>()
   \                     _ZN14FieldValueBaseI23USART2_CR1_TXEIE_ValuesIN6USART23CR1ELj7ELj1E13ReadWriteModeNS1_13USART2CR1BaseEES4_Lj0EE3SetIS3_vEEvv: (+1)
   \        0x0   0x4902             LDR.N    R1,??Set_1       ;; 0x4000440c
   \        0x2   0x6808             LDR      R0,[R1, #+0]
   \        0x4   0xF030 0x0280      BICS     R2,R0,#0x80
   \        0x8   0x600A             STR      R2,[R1, #+0]
   \        0xA   0x4770             BX       LR               ;; return
   \                     ??Set_1:
   \        0xC   0x4000'440C        DC32     0x4000440c

   \                                 In section .text, align 4
   \   __interwork __vfp bool FieldValueBase<TIM2_CCER_CC1E_Values<TIM2::CCER, 0U, 1U, ReadWriteMode, TIM2::TIM2CCERBase>, TIM2::TIM2CCERBase, 1U>::IsSet<ReadWriteMode, void>()
   \                     _ZN14FieldValueBaseI21TIM2_CCER_CC1E_ValuesIN4TIM24CCERELj0ELj1E13ReadWriteModeNS1_12TIM2CCERBaseEES4_Lj1EE5IsSetIS3_vEEbv: (+1)
   \        0x0   0x4802             LDR.N    R0,??IsSet_0     ;; 0x40000020
   \        0x2   0x6800             LDR      R0,[R0, #+0]
   \        0x4   0xF010 0x0001      ANDS     R0,R0,#0x1
   \        0x8   0x4770             BX       LR               ;; return
   \        0xA   0xBF00             Nop      
   \                     ??IsSet_0:
   \        0xC   0x4000'0020        DC32     0x40000020

   \                                 In section .text, align 4
   \   __interwork __vfp bool FieldValueBase<TIM2_DIER_CC1IE_Values<TIM2::DIER, 1U, 1U, ReadWriteMode, TIM2::TIM2DIERBase>, TIM2::TIM2DIERBase, 1U>::IsSet<ReadWriteMode, void>()
   \                     _ZN14FieldValueBaseI22TIM2_DIER_CC1IE_ValuesIN4TIM24DIERELj1ELj1E13ReadWriteModeNS1_12TIM2DIERBaseEES4_Lj1EE5IsSetIS3_vEEbv: (+1)
   \        0x0   0x4802             LDR.N    R0,??IsSet_1     ;; 0x4000000c
   \        0x2   0x6800             LDR      R0,[R0, #+0]
   \        0x4   0x0840             LSRS     R0,R0,#+1
   \        0x6   0xF010 0x0001      ANDS     R0,R0,#0x1
   \        0xA   0x4770             BX       LR               ;; return
   \                     ??IsSet_1:
   \        0xC   0x4000'000C        DC32     0x4000000c

   \                                 In section .text, align 4
   \   __interwork __vfp bool FieldValueBase<USART2_SR_TXE_Values<USART2::SR, 7U, 1U, ReadMode, USART2::USART2SRBase>, USART2::USART2SRBase, 1U>::IsSet<ReadMode, void>()
   \                     _ZN14FieldValueBaseI20USART2_SR_TXE_ValuesIN6USART22SRELj7ELj1E8ReadModeNS1_12USART2SRBaseEES4_Lj1EE5IsSetIS3_vEEbv: (+1)
   \        0x0   0x4802             LDR.N    R0,??IsSet_2     ;; 0x40004400
   \        0x2   0x6800             LDR      R0,[R0, #+0]
   \        0x4   0x09C0             LSRS     R0,R0,#+7
   \        0x6   0xF010 0x0001      ANDS     R0,R0,#0x1
   \        0xA   0x4770             BX       LR               ;; return
   \                     ??IsSet_2:
   \        0xC   0x4000'4400        DC32     0x40004400

   \                                 In section .text, align 4
   \   __interwork __vfp bool FieldValueBase<USART2_CR1_TXEIE_Values<USART2::CR1, 7U, 1U, ReadWriteMode, USART2::USART2CR1Base>, USART2::USART2CR1Base, 1U>::IsSet<ReadWriteMode, void>()
   \                     _ZN14FieldValueBaseI23USART2_CR1_TXEIE_ValuesIN6USART23CR1ELj7ELj1E13ReadWriteModeNS1_13USART2CR1BaseEES4_Lj1EE5IsSetIS3_vEEbv: (+1)
   \        0x0   0x4802             LDR.N    R0,??IsSet_3     ;; 0x4000440c
   \        0x2   0x6800             LDR      R0,[R0, #+0]
   \        0x4   0x09C0             LSRS     R0,R0,#+7
   \        0x6   0xF010 0x0001      ANDS     R0,R0,#0x1
   \        0xA   0x4770             BX       LR               ;; return
   \                     ??IsSet_3:
   \        0xC   0x4000'440C        DC32     0x4000440c

   \                                 In section .text, align 4
   \   __interwork __vfp void RegisterBase<1073759236U, 32U, ReadWriteMode>::Write<ReadWriteMode, void>(uint32_t)
   \                     _ZN12RegisterBaseILj1073759236ELj32E13ReadWriteModeE5WriteIS0_vEEvj: (+1)
   \        0x0   0x4901             LDR.N    R1,??Write_0     ;; 0x40004404
   \        0x2   0x6008             STR      R0,[R1, #+0]
   \        0x4   0x4770             BX       LR               ;; return
   \        0x6   0xBF00             Nop      
   \                     ??Write_0:
   \        0x8   0x4000'4404        DC32     0x40004404

   \                                 In section .text, align 4
   \   __interwork __vfp uint32_t RegisterBase<1073741876U, 32U, ReadWriteMode>::Get<ReadWriteMode, void>()
   \                     _ZN12RegisterBaseILj1073741876ELj32E13ReadWriteModeE3GetIS0_vEEjv: (+1)
   \        0x0   0x4801             LDR.N    R0,??Get_0       ;; 0x40000034
   \        0x2   0x6800             LDR      R0,[R0, #+0]
   \        0x4   0x4770             BX       LR               ;; return
   \        0x6   0xBF00             Nop      
   \                     ??Get_0:
   \        0x8   0x4000'0034        DC32     0x40000034

   \                                 In section .text, align 2
   \   __interwork __vfp void IColorChannel::OnInterrupt(float)
   \                     _ZN13IColorChannel11OnInterruptEf: (+1)
   \        0x0   0xEEF7 0x0A00      VMOV.F32 S1,#1.0
   \        0x4   0xEEC0 0x0A80      VDIV.F32 S1,S1,S0
   \        0x8   0xEDC0 0x0A03      VSTR     S1,[R0, #+12]
   \        0xC   0x4770             BX       LR               ;; return

   \                                 In section .text, align 2
   \   __code __interwork __vfp Timer2::Timer2()
   \                     _ZN6Timer2C1Ev: (+1)
   \        0x0   0x2100             MOVS     R1,#+0
   \        0x2   0x6041             STR      R1,[R0, #+4]
   \        0x4   0x2100             MOVS     R1,#+0
   \        0x6   0x6081             STR      R1,[R0, #+8]
   \        0x8   0x4770             BX       LR               ;; return

   \                                 In section .text, align 4
   \   __interwork __vfp void Timer2::HandleInterrupt()
   \                     _ZN6Timer215HandleInterruptEv: (+1)
   \        0x0   0xB510             PUSH     {R4,LR}
   \        0x2   0xED2D 0x8B02      VPUSH    {D8}
   \        0x6   0x0004             MOVS     R4,R0
   \        0x8   0x....'....        BL       _ZN14FieldValueBaseI21TIM2_CCER_CC1E_ValuesIN4TIM24CCERELj0ELj1E13ReadWriteModeNS1_12TIM2CCERBaseEES4_Lj1EE5IsSetIS3_vEEbv
   \        0xC   0x2800             CMP      R0,#+0
   \        0xE   0xD01E             BEQ.N    ??HandleInterrupt_1
   \       0x10   0x....'....        BL       _ZN14FieldValueBaseI22TIM2_DIER_CC1IE_ValuesIN4TIM24DIERELj1ELj1E13ReadWriteModeNS1_12TIM2DIERBaseEES4_Lj1EE5IsSetIS3_vEEbv
   \       0x14   0x2800             CMP      R0,#+0
   \       0x16   0xD01A             BEQ.N    ??HandleInterrupt_1
   \       0x18   0x....'....        BL       _ZN12RegisterBaseILj1073741876ELj32E13ReadWriteModeE3GetIS0_vEEjv
   \       0x1C   0xEE00 0x0A10      VMOV     S0,R0
   \       0x20   0xEEB8 0x8A40      VCVT.F32.U32 S16,S0
   \       0x24   0xED94 0x0A01      VLDR     S0,[R4, #+4]
   \       0x28   0xEE38 0x0A40      VSUB.F32 S0,S16,S0
   \       0x2C   0xEEF1 0x0A00      VMOV.F32 S1,#4.0
   \       0x30   0xEE80 0x0A20      VDIV.F32 S0,S0,S1
   \       0x34   0xEDDF 0x0A07      VLDR.W   S1,??HandleInterrupt_0  ;; 0x338637bd
   \       0x38   0xEE20 0x0A20      VMUL.F32 S0,S0,S1
   \       0x3C   0xED84 0x0A02      VSTR     S0,[R4, #+8]
   \       0x40   0xED94 0x0A02      VLDR     S0,[R4, #+8]
   \       0x44   0x6820             LDR      R0,[R4, #+0]
   \       0x46   0x....'....        BL       _ZN13IColorChannel11OnInterruptEf
   \       0x4A   0xED84 0x8A01      VSTR     S16,[R4, #+4]
   \                     ??HandleInterrupt_1: (+1)
   \       0x4E   0xECBD 0x8B02      VPOP     {D8}
   \       0x52   0xBD10             POP      {R4,PC}          ;; return
   \                     ??HandleInterrupt_0:
   \       0x54   0x3386'37BD        DC32     0x338637bd

   \                                 In section .text, align 2, keep-with-next
   \   static __intrinsic __interwork __vfp void __sti__routine()
   \                     __sti__routine: (+1)
   \        0x0   0xB580             PUSH     {R7,LR}
   \        0x2   0x....             LDR.N    R1,??DataTable1
   \        0x4   0x7808             LDRB     R0,[R1, #+0]
   \        0x6   0x2800             CMP      R0,#+0
   \        0x8   0xD104             BNE.N    ??__sti__routine_0
   \        0xA   0x2001             MOVS     R0,#+1
   \        0xC   0x7008             STRB     R0,[R1, #+0]
   \        0xE   0x....             LDR.N    R0,??DataTable1_1
   \       0x10   0x....'....        BL       _ZN6Timer2C1Ev
   \                     ??__sti__routine_0: (+1)
   \       0x14   0x....             LDR.N    R1,??DataTable1_2
   \       0x16   0x7808             LDRB     R0,[R1, #+0]
   \       0x18   0x2800             CMP      R0,#+0
   \       0x1A   0xD104             BNE.N    ??__sti__routine_1
   \       0x1C   0x2001             MOVS     R0,#+1
   \       0x1E   0x7008             STRB     R0,[R1, #+0]
      6          #include "usartconfig.h"
   \       0x20   0x....             LDR.N    R0,??DataTable1_3
   \       0x22   0x....'....        BL       _ZN11USARTDriverI6Usart2EC1Ev
   \                     ??__sti__routine_1: (+1)
   \       0x26   0xBD01             POP      {R0,PC}          ;; return

   \                                 In section .bss, align 4
   \   __absolute Timer2 timer2
   \                     timer2:
   \        0x0                      DS8 12

   \                                 In section .text, align 2
   \   __code __interwork __vfp USARTDriver<Usart2>::USARTDriver()
   \                     _ZN11USARTDriverI6Usart2EC1Ev: (+1)
   \        0x0   0x2100             MOVS     R1,#+0
   \        0x2   0x6001             STR      R1,[R0, #+0]
   \        0x4   0x2100             MOVS     R1,#+0
   \        0x6   0xF8C0 0x1104      STR      R1,[R0, #+260]
   \        0xA   0x4770             BX       LR               ;; return

   \                                 In section .text, align 2
   \   __interwork __vfp void USARTDriver<Usart2>::OnNextByteTransmit()
   \                     _ZN11USARTDriverI6Usart2E18OnNextByteTransmitEv: (+1)
   \        0x0   0xB510             PUSH     {R4,LR}
   \        0x2   0x0004             MOVS     R4,R0
   \        0x4   0x6821             LDR      R1,[R4, #+0]
   \        0x6   0x1C48             ADDS     R0,R1,#+1
   \        0x8   0x6020             STR      R0,[R4, #+0]
   \        0xA   0x1D20             ADDS     R0,R4,#+4
   \        0xC   0x....'....        BL       _ZNSt5arrayIhLj255EEixEj
   \       0x10   0x7800             LDRB     R0,[R0, #+0]
   \       0x12   0x....'....        BL       _ZN5UsartI6USART2L_Z11usartDriverEE9WriteByteEh
   \       0x16   0x6820             LDR      R0,[R4, #+0]
   \       0x18   0xF8D4 0x1104      LDR      R1,[R4, #+260]
   \       0x1C   0x4288             CMP      R0,R1
   \       0x1E   0xD305             BCC.N    ??OnNextByteTransmit_0
   \       0x20   0x....'....        BL       _ZN5UsartI6USART2L_Z11usartDriverEE15TransmitDisableEv
   \       0x24   0x....'....        BL       _ZN5UsartI6USART2L_Z11usartDriverEE16InterruptDisableEv
   \       0x28   0x2000             MOVS     R0,#+0
   \       0x2A   0x6020             STR      R0,[R4, #+0]
   \                     ??OnNextByteTransmit_0: (+1)
   \       0x2C   0xBD10             POP      {R4,PC}          ;; return

   \                                 In section .text, align 2
   \   __interwork __vfp void Usart<USART2, usartDriver>::WriteByte(uint8_t)
   \                     _ZN5UsartI6USART2L_Z11usartDriverEE9WriteByteEh: (+1)
   \        0x0   0xB510             PUSH     {R4,LR}
   \        0x2   0x0004             MOVS     R4,R0
   \        0x4   0x0020             MOVS     R0,R4
   \        0x6   0xB2C0             UXTB     R0,R0            ;; ZeroExt  R0,R0,#+24,#+24
   \        0x8   0x....'....        BL       _ZN12RegisterBaseILj1073759236ELj32E13ReadWriteModeE5WriteIS0_vEEvj
   \        0xC   0xBD10             POP      {R4,PC}          ;; return

   \                                 In section .text, align 4
   \   __interwork __vfp void Usart<USART2, usartDriver>::InterruptHandler()
   \                     _ZN5UsartI6USART2L_Z11usartDriverEE16InterruptHandlerEv: (+1)
   \        0x0   0xB580             PUSH     {R7,LR}
   \        0x2   0x....'....        BL       _ZN14FieldValueBaseI20USART2_SR_TXE_ValuesIN6USART22SRELj7ELj1E8ReadModeNS1_12USART2SRBaseEES4_Lj1EE5IsSetIS3_vEEbv
   \        0x6   0x2800             CMP      R0,#+0
   \        0x8   0xD006             BEQ.N    ??InterruptHandler_1
   \        0xA   0x....'....        BL       _ZN14FieldValueBaseI23USART2_CR1_TXEIE_ValuesIN6USART23CR1ELj7ELj1E13ReadWriteModeNS1_13USART2CR1BaseEES4_Lj1EE5IsSetIS3_vEEbv
   \        0xE   0x2800             CMP      R0,#+0
   \       0x10   0xD002             BEQ.N    ??InterruptHandler_1
   \       0x12   0x4802             LDR.N    R0,??InterruptHandler_0
   \       0x14   0x....'....        BL       _ZN11USARTDriverI6Usart2E18OnNextByteTransmitEv
   \                     ??InterruptHandler_1: (+1)
   \       0x18   0xBD01             POP      {R0,PC}          ;; return
   \       0x1A   0xBF00             Nop      
   \                     ??InterruptHandler_0:
   \       0x1C   0x....'....        DC32     usartDriver

   \                                 In section .text, align 2
   \   __interwork __vfp void Usart<USART2, usartDriver>::InterruptDisable()
   \                     _ZN5UsartI6USART2L_Z11usartDriverEE16InterruptDisableEv: (+1)
   \        0x0   0xB580             PUSH     {R7,LR}
   \        0x2   0x....'....        BL       _ZN14FieldValueBaseI23USART2_CR1_TXEIE_ValuesIN6USART23CR1ELj7ELj1E13ReadWriteModeNS1_13USART2CR1BaseEES4_Lj0EE3SetIS3_vEEvv
   \        0x6   0xBD01             POP      {R0,PC}          ;; return

   \                                 In section .text, align 2
   \   __interwork __vfp void Usart<USART2, usartDriver>::TransmitDisable()
   \                     _ZN5UsartI6USART2L_Z11usartDriverEE15TransmitDisableEv: (+1)
   \        0x0   0xB580             PUSH     {R7,LR}
   \        0x2   0x....'....        BL       _ZN14FieldValueBaseI20USART2_CR1_RE_ValuesIN6USART23CR1ELj2ELj1E13ReadWriteModeNS1_13USART2CR1BaseEES4_Lj0EE3SetIS3_vEEvv
   \        0x6   0xBD01             POP      {R0,PC}          ;; return

   \                                 In section .bss, align 4
   \   __absolute USARTDriver<Usart2> usartDriver
   \                     usartDriver:
   \        0x0                      DS8 264
      7          
      8          

   \                                 In section .text, align 2, keep-with-next
      9          void IrqController::HandleIrqExtiLine15_10()
     10          {
     11            //EXTI->PR = EXTI_PR_PR13 ;
     12            //UserButton::GetInstance().HandleInterrupt();
     13          }
   \                     _ZN13IrqController22HandleIrqExtiLine15_10Ev: (+1)
   \        0x0   0x4770             BX       LR               ;; return
     14          

   \                                 In section .text, align 2, keep-with-next
     15          void IrqController::HandleIrqUsart2()
     16          {
   \                     _ZN13IrqController15HandleIrqUsart2Ev: (+1)
   \        0x0   0xB580             PUSH     {R7,LR}
     17            Usart2::InterruptHandler();
   \        0x2   0x....'....        BL       _ZN5UsartI6USART2L_Z11usartDriverEE16InterruptHandlerEv
     18          }
   \        0x6   0xBD01             POP      {R0,PC}          ;; return
     19          

   \                                 In section .text, align 2, keep-with-next
     20          void IrqController::HandleIrqTim2()
     21          {
   \                     _ZN13IrqController13HandleIrqTim2Ev: (+1)
   \        0x0   0xB580             PUSH     {R7,LR}
     22            timer2.HandleInterrupt();
   \        0x2   0x....             LDR.N    R0,??DataTable1_1
   \        0x4   0x....'....        BL       _ZN6Timer215HandleInterruptEv
     23          }
   \        0x8   0xBD01             POP      {R0,PC}          ;; return

   \                                 In section .text, align 4, keep-with-next
   \                     ??DataTable1:
   \        0x0   0x....'....        DC32     _ZGV6timer2

   \                                 In section .text, align 4, keep-with-next
   \                     ??DataTable1_1:
   \        0x0   0x....'....        DC32     timer2

   \                                 In section .text, align 4, keep-with-next
   \                     ??DataTable1_2:
   \        0x0   0x....'....        DC32     _ZGV11usartDriver

   \                                 In section .text, align 4, keep-with-next
   \                     ??DataTable1_3:
   \        0x0   0x....'....        DC32     usartDriver
     24          

   Maximum stack usage in bytes:

   .cstack Function
   ------- --------
       0   FieldValueBase<TIM2_CCER_CC1E_Values<TIM2::CCER, 0U, 1U, ReadWriteMode, TIM2::TIM2CCERBase>, TIM2::TIM2CCERBase, 1U>::IsSet<ReadWriteMode, void>()
       0   FieldValueBase<TIM2_DIER_CC1IE_Values<TIM2::DIER, 1U, 1U, ReadWriteMode, TIM2::TIM2DIERBase>, TIM2::TIM2DIERBase, 1U>::IsSet<ReadWriteMode, void>()
       0   FieldValueBase<USART2_CR1_RE_Values<USART2::CR1, 2U, 1U, ReadWriteMode, USART2::USART2CR1Base>, USART2::USART2CR1Base, 0U>::Set<ReadWriteMode, void>()
       0   FieldValueBase<USART2_CR1_TXEIE_Values<USART2::CR1, 7U, 1U, ReadWriteMode, USART2::USART2CR1Base>, USART2::USART2CR1Base, 0U>::Set<ReadWriteMode, void>()
       0   FieldValueBase<USART2_CR1_TXEIE_Values<USART2::CR1, 7U, 1U, ReadWriteMode, USART2::USART2CR1Base>, USART2::USART2CR1Base, 1U>::IsSet<ReadWriteMode, void>()
       0   FieldValueBase<USART2_SR_TXE_Values<USART2::SR, 7U, 1U, ReadMode, USART2::USART2SRBase>, USART2::USART2SRBase, 1U>::IsSet<ReadMode, void>()
       0   IColorChannel::OnInterrupt(float)
       0   IrqController::HandleIrqExtiLine15_10()
       8   IrqController::HandleIrqTim2()
         8   -> Timer2::HandleInterrupt()
       8   IrqController::HandleIrqUsart2()
         8   -> Usart<USART2, usartDriver>::InterruptHandler()
       0   RegisterBase<1073741876U, 32U, ReadWriteMode>::Get<ReadWriteMode, void>()
       0   RegisterBase<1073759236U, 32U, ReadWriteMode>::Write<ReadWriteMode, void>(uint32_t)
      16   Timer2::HandleInterrupt()
        16   -> FieldValueBase<TIM2_CCER_CC1E_Values<TIM2::CCER, 0U, 1U, ReadWriteMode, TIM2::TIM2CCERBase>, TIM2::TIM2CCERBase, 1U>::IsSet<ReadWriteMode, void>()
        16   -> FieldValueBase<TIM2_DIER_CC1IE_Values<TIM2::DIER, 1U, 1U, ReadWriteMode, TIM2::TIM2DIERBase>, TIM2::TIM2DIERBase, 1U>::IsSet<ReadWriteMode, void>()
        16   -> IColorChannel::OnInterrupt(float)
        16   -> RegisterBase<1073741876U, 32U, ReadWriteMode>::Get<ReadWriteMode, void>()
       0   Timer2::Timer2()
       8   USARTDriver<Usart2>::OnNextByteTransmit()
         8   -> Usart<USART2, usartDriver>::InterruptDisable()
         8   -> Usart<USART2, usartDriver>::TransmitDisable()
         8   -> Usart<USART2, usartDriver>::WriteByte(uint8_t)
         8   -> std::array<uint8_t, 255U>::operator[](size_t)
       0   USARTDriver<Usart2>::USARTDriver()
       8   Usart<USART2, usartDriver>::InterruptDisable()
         8   -> FieldValueBase<USART2_CR1_TXEIE_Values<USART2::CR1, 7U, 1U, ReadWriteMode, USART2::USART2CR1Base>, USART2::USART2CR1Base, 0U>::Set<ReadWriteMode, void>()
       8   Usart<USART2, usartDriver>::InterruptHandler()
         8   -> FieldValueBase<USART2_CR1_TXEIE_Values<USART2::CR1, 7U, 1U, ReadWriteMode, USART2::USART2CR1Base>, USART2::USART2CR1Base, 1U>::IsSet<ReadWriteMode, void>()
         8   -> FieldValueBase<USART2_SR_TXE_Values<USART2::SR, 7U, 1U, ReadMode, USART2::USART2SRBase>, USART2::USART2SRBase, 1U>::IsSet<ReadMode, void>()
         8   -> USARTDriver<Usart2>::OnNextByteTransmit()
       8   Usart<USART2, usartDriver>::TransmitDisable()
         8   -> FieldValueBase<USART2_CR1_RE_Values<USART2::CR1, 2U, 1U, ReadWriteMode, USART2::USART2CR1Base>, USART2::USART2CR1Base, 0U>::Set<ReadWriteMode, void>()
       8   Usart<USART2, usartDriver>::WriteByte(uint8_t)
         8   -> RegisterBase<1073759236U, 32U, ReadWriteMode>::Write<ReadWriteMode, void>(uint32_t)
       8   __sti__routine()
         8   -> Timer2::Timer2()
         8   -> USARTDriver<Usart2>::USARTDriver()
       0   std::array<uint8_t, 255U>::operator[](size_t)


   Section sizes:

   Bytes  Function/Label
   -----  --------------
       4  ??DataTable1
       4  ??DataTable1_1
       4  ??DataTable1_2
       4  ??DataTable1_3
      16  FieldValueBase<TIM2_CCER_CC1E_Values<TIM2::CCER, 0U, 1U, ReadWriteMode, TIM2::TIM2CCERBase>, TIM2::TIM2CCERBase, 1U>::IsSet<ReadWriteMode, void>()
      16  FieldValueBase<TIM2_DIER_CC1IE_Values<TIM2::DIER, 1U, 1U, ReadWriteMode, TIM2::TIM2DIERBase>, TIM2::TIM2DIERBase, 1U>::IsSet<ReadWriteMode, void>()
      16  FieldValueBase<USART2_CR1_RE_Values<USART2::CR1, 2U, 1U, ReadWriteMode, USART2::USART2CR1Base>, USART2::USART2CR1Base, 0U>::Set<ReadWriteMode, void>()
      16  FieldValueBase<USART2_CR1_TXEIE_Values<USART2::CR1, 7U, 1U, ReadWriteMode, USART2::USART2CR1Base>, USART2::USART2CR1Base, 0U>::Set<ReadWriteMode, void>()
      16  FieldValueBase<USART2_CR1_TXEIE_Values<USART2::CR1, 7U, 1U, ReadWriteMode, USART2::USART2CR1Base>, USART2::USART2CR1Base, 1U>::IsSet<ReadWriteMode, void>()
      16  FieldValueBase<USART2_SR_TXE_Values<USART2::SR, 7U, 1U, ReadMode, USART2::USART2SRBase>, USART2::USART2SRBase, 1U>::IsSet<ReadMode, void>()
      14  IColorChannel::OnInterrupt(float)
       2  IrqController::HandleIrqExtiLine15_10()
      10  IrqController::HandleIrqTim2()
       8  IrqController::HandleIrqUsart2()
      12  RegisterBase<1073741876U, 32U, ReadWriteMode>::Get<ReadWriteMode, void>()
      12  RegisterBase<1073759236U, 32U, ReadWriteMode>::Write<ReadWriteMode, void>(uint32_t)
      88  Timer2::HandleInterrupt()
      10  Timer2::Timer2()
      46  USARTDriver<Usart2>::OnNextByteTransmit()
      12  USARTDriver<Usart2>::USARTDriver()
       8  Usart<USART2, usartDriver>::InterruptDisable()
      32  Usart<USART2, usartDriver>::InterruptHandler()
       8  Usart<USART2, usartDriver>::TransmitDisable()
      14  Usart<USART2, usartDriver>::WriteByte(uint8_t)
      40  __sti__routine()
       4  std::array<uint8_t, 255U>::operator[](size_t)
      12  timer2
     264  usartDriver
      50  -- Other

 
 278 bytes in section .bss
   4 bytes in section .init_array
  44 bytes in section .rodata
 432 bytes in section .text
 
 80 bytes of CODE  memory (+ 356 bytes shared)
  0 bytes of CONST memory (+  44 bytes shared)
  0 bytes of DATA  memory (+ 278 bytes shared)

Errors: none
Warnings: 1
