###############################################################################
#
# IAR ANSI C/C++ Compiler V8.40.2.214/W32 for ARM         22/May/2021  13:49:38
# Copyright 1999-2019 IAR Systems AB.
#
#    Cpu mode     =  
#    Endian       =  little
#    Source file  =
#        D:\Cpecialno dlyf
#        IAR\Kursach\RTOS-main\RTOS-main\RtosWrapper\Application\LEDTask.cpp
#    Command line =
#        -f C:\Users\kadyr\AppData\Local\Temp\EW8A22.tmp ("D:\Cpecialno dlyf
#        IAR\Kursach\RTOS-main\RTOS-main\RtosWrapper\Application\LEDTask.cpp"
#        -lC "D:\Cpecialno dlyf
#        IAR\Kursach\RTOS-main\RTOS-main\RtosWrapper\Debug\List" -lA
#        "D:\Cpecialno dlyf
#        IAR\Kursach\RTOS-main\RTOS-main\RtosWrapper\Debug\List" -o
#        "D:\Cpecialno dlyf
#        IAR\Kursach\RTOS-main\RTOS-main\RtosWrapper\Debug\Obj" --no_cse
#        --no_unroll --no_inline --no_code_motion --no_tbaa --no_clustering
#        --no_scheduling --debug --endian=little --cpu=Cortex-M4 -e
#        --fpu=VFPv4_sp --dlib_config "D:\@@@@@ @@@
#        @@@@@\arm\inc\c\DLib_Config_Normal.h" -I "D:\Cpecialno dlyf
#        IAR\Kursach\RTOS-main\RTOS-main\RtosWrapper\Rtos\" -I "D:\Cpecialno
#        dlyf IAR\Kursach\RTOS-main\RTOS-main\RtosWrapper\Rtos\wrapper\" -I
#        "D:\Cpecialno dlyf
#        IAR\Kursach\RTOS-main\RTOS-main\RtosWrapper\Rtos\wrapper\FreeRtos\" -I
#        "D:\Cpecialno dlyf
#        IAR\Kursach\RTOS-main\RTOS-main\RtosWrapper\Rtos\FreeRtos\" -I
#        "D:\Cpecialno dlyf
#        IAR\Kursach\RTOS-main\RTOS-main\RtosWrapper\Rtos\FreeRtos\include\" -I
#        "D:\Cpecialno dlyf
#        IAR\Kursach\RTOS-main\RTOS-main\RtosWrapper\Rtos\FreeRtos\portable\"
#        -I "D:\Cpecialno dlyf
#        IAR\Kursach\RTOS-main\RTOS-main\RtosWrapper\Rtos\FreeRtos\portable\Common\"
#        -I "D:\Cpecialno dlyf
#        IAR\Kursach\RTOS-main\RTOS-main\RtosWrapper\Rtos\FreeRtos\portable\IAR\"
#        -I "D:\Cpecialno dlyf
#        IAR\Kursach\RTOS-main\RTOS-main\RtosWrapper\Rtos\FreeRtos\portable\IAR\ARM_CM4F\"
#        -I "D:\Cpecialno dlyf
#        IAR\Kursach\RTOS-main\RTOS-main\RtosWrapper\Rtos\FreeRtos\portable\MemMang\"
#        -I "D:\Cpecialno dlyf
#        IAR\Kursach\RTOS-main\RTOS-main\RtosWrapper\MyTasks\" -I "D:\Cpecialno
#        dlyf IAR\Kursach\RTOS-main\RTOS-main\RtosWrapper\Common\" -I
#        "D:\Cpecialno dlyf IAR\Kursach\RTOS-main\RTOS-main\RtosWrapper\CMSIS\"
#        -I "D:\Cpecialno dlyf
#        IAR\Kursach\RTOS-main\RTOS-main\RtosWrapper\Application\" -I
#        "D:\Cpecialno dlyf
#        IAR\Kursach\RTOS-main\RTOS-main\RtosWrapper\Application\Diagnostic\"
#        -I "D:\Cpecialno dlyf
#        IAR\Kursach\RTOS-main\RTOS-main\RtosWrapper\AHardware\" -I
#        "D:\Cpecialno dlyf
#        IAR\Kursach\RTOS-main\RTOS-main\RtosWrapper\AHardware\GpioPort\" -I
#        "D:\Cpecialno dlyf
#        IAR\Kursach\RTOS-main\RTOS-main\RtosWrapper\AHardware\IrqController\"
#        -I "D:\Cpecialno dlyf
#        IAR\Kursach\RTOS-main\RTOS-main\RtosWrapper\..\CortexLib\AbstractHardware\Pin\"
#        -I "D:\Cpecialno dlyf
#        IAR\Kursach\RTOS-main\RTOS-main\RtosWrapper\AHardware\STM32F411\FieldValues\"
#        -I "D:\Cpecialno dlyf
#        IAR\Kursach\RTOS-main\RTOS-main\RtosWrapper\AHardware\STM32F411\" -I
#        "D:\Cpecialno dlyf
#        IAR\Kursach\RTOS-main\RTOS-main\RtosWrapper\..\CortexLib\AbstractHardware\Registers\"
#        -I "D:\Cpecialno dlyf
#        IAR\Kursach\RTOS-main\RTOS-main\RtosWrapper\..\CortexLib\AbstractHardware\Port\"
#        -I "D:\Cpecialno dlyf
#        IAR\Kursach\RTOS-main\RTOS-main\RtosWrapper\..\CortexLib\AbstractHardware\Atomic\"
#        -I "D:\Cpecialno dlyf
#        IAR\Kursach\RTOS-main\RTOS-main\RtosWrapper\..\CortexLib\Common\" -I
#        "D:\Cpecialno dlyf
#        IAR\Kursach\RTOS-main\RTOS-main\RtosWrapper\..\CortexLib\Common\Singleton\"
#        -I "D:\Cpecialno dlyf
#        IAR\Kursach\RTOS-main\RTOS-main\RtosWrapper\..\CortexLib\Common\RomObject\"
#        -I "D:\Cpecialno dlyf
#        IAR\Kursach\RTOS-main\RTOS-main\RtosWrapper\AHardware\STM32F411\FieldValues\"
#        -I "D:\Cpecialno dlyf
#        IAR\Kursach\RTOS-main\RTOS-main\RtosWrapper\AHardware\CortexM4\" -I
#        "D:\Cpecialno dlyf
#        IAR\Kursach\RTOS-main\RTOS-main\RtosWrapper\AHardware\CortexM4\" -I
#        "D:\Cpecialno dlyf
#        IAR\Kursach\RTOS-main\RTOS-main\RtosWrapper\AHardware\STM32F411\" -I
#        "D:\Cpecialno dlyf
#        IAR\Kursach\RTOS-main\RTOS-main\RtosWrapper\AHardware\ColorSensorClasses\"
#        -I "D:\Cpecialno dlyf
#        IAR\Kursach\RTOS-main\RTOS-main\RtosWrapper\AHardware\CortexM4\FieldValues\"
#        -On --c++ --no_exceptions --no_rtti)
#    Locale       =  C
#    List file    =
#        D:\Cpecialno dlyf
#        IAR\Kursach\RTOS-main\RTOS-main\RtosWrapper\Debug\List\LEDTask.lst
#    Object file  =
#        D:\Cpecialno dlyf
#        IAR\Kursach\RTOS-main\RTOS-main\RtosWrapper\Debug\Obj\LEDTask.o
#
###############################################################################

D:\Cpecialno dlyf IAR\Kursach\RTOS-main\RTOS-main\RtosWrapper\Application\LEDTask.cpp
      1          /* #include "LEDTask.hpp"
Warning[Ms014]: some characters could not be correctly encoded in "D:\Cpecialno
          dlyf
          IAR\Kursach\RTOS-main\RTOS-main\RtosWrapper\Debug\List\LEDTask.s",
          and have been replaced with '@'. The first such character has unicode
          code point 0x41f ("@")
      2          
      3          
      4          LedTask::LedTask(ILed& Lled, std::chrono::milliseconds aPeriod, Event& ievent) : led(Lled), period(aPeriod), event(ievent)
      5          {
      6            
      7          }
      8          
      9          void LedTask::Execute()
     10          {
     11            for(;;)
     12            {
     13          
     14              auto test = event.Wait();
     15              if (test != 0) 
     16              {
     17                led.Toggle();
     18              }
     19              
     20             
     21             
     22              //Sleep(period);
     23            }
     24          }*/


 
 
 0 bytes of memory

Errors: none
Warnings: 1
